Archive member included to satisfy reference by file (symbol)

app/libapp.a(main.c.obj)      (--whole-archive)
zephyr/libzephyr.a(heap.c.obj)
                              (--whole-archive)
zephyr/libzephyr.a(cbprintf_packaged.c.obj)
                              (--whole-archive)
zephyr/libzephyr.a(clock.c.obj)
                              (--whole-archive)
zephyr/libzephyr.a(printk.c.obj)
                              (--whole-archive)
zephyr/libzephyr.a(sem.c.obj)
                              (--whole-archive)
zephyr/libzephyr.a(thread_entry.c.obj)
                              (--whole-archive)
zephyr/libzephyr.a(cbprintf_complete.c.obj)
                              (--whole-archive)
zephyr/libzephyr.a(assert.c.obj)
                              (--whole-archive)
zephyr/libzephyr.a(dec.c.obj)
                              (--whole-archive)
zephyr/libzephyr.a(hex.c.obj)
                              (--whole-archive)
zephyr/libzephyr.a(rb.c.obj)  (--whole-archive)
zephyr/libzephyr.a(timeutil.c.obj)
                              (--whole-archive)
zephyr/libzephyr.a(bitarray.c.obj)
                              (--whole-archive)
zephyr/libzephyr.a(ring_buffer.c.obj)
                              (--whole-archive)
zephyr/libzephyr.a(last_section_id.c.obj)
                              (--whole-archive)
zephyr/libzephyr.a(configs.c.obj)
                              (--whole-archive)
zephyr/libzephyr.a(stm32cube_hal.c.obj)
                              (--whole-archive)
zephyr/libzephyr.a(soc_config.c.obj)
                              (--whole-archive)
zephyr/libzephyr.a(stm32_backup_domain.c.obj)
                              (--whole-archive)
zephyr/libzephyr.a(soc.c.obj)
                              (--whole-archive)
zephyr/libzephyr.a(mem_attr.c.obj)
                              (--whole-archive)
zephyr/libzephyr.a(tracing_none.c.obj)
                              (--whole-archive)
zephyr/arch/common/libarch__common.a(sw_isr_common.c.obj)
                              (--whole-archive)
zephyr/arch/arch/arm/core/libarch__arm__core.a(fatal.c.obj)
                              (--whole-archive)
zephyr/arch/arch/arm/core/libarch__arm__core.a(nmi.c.obj)
                              (--whole-archive)
zephyr/arch/arch/arm/core/libarch__arm__core.a(nmi_on_reset.S.obj)
                              (--whole-archive)
zephyr/arch/arch/arm/core/libarch__arm__core.a(tls.c.obj)
                              (--whole-archive)
zephyr/arch/arch/arm/core/cortex_m/libarch__arm__core__cortex_m.a(exc_exit.c.obj)
                              (--whole-archive)
zephyr/arch/arch/arm/core/cortex_m/libarch__arm__core__cortex_m.a(fault.c.obj)
                              (--whole-archive)
zephyr/arch/arch/arm/core/cortex_m/libarch__arm__core__cortex_m.a(fault_s.S.obj)
                              (--whole-archive)
zephyr/arch/arch/arm/core/cortex_m/libarch__arm__core__cortex_m.a(fpu.c.obj)
                              (--whole-archive)
zephyr/arch/arch/arm/core/cortex_m/libarch__arm__core__cortex_m.a(reset.S.obj)
                              (--whole-archive)
zephyr/arch/arch/arm/core/cortex_m/libarch__arm__core__cortex_m.a(scb.c.obj)
                              (--whole-archive)
zephyr/arch/arch/arm/core/cortex_m/libarch__arm__core__cortex_m.a(thread_abort.c.obj)
                              (--whole-archive)
zephyr/arch/arch/arm/core/cortex_m/libarch__arm__core__cortex_m.a(vector_table.S.obj)
                              (--whole-archive)
zephyr/arch/arch/arm/core/cortex_m/libarch__arm__core__cortex_m.a(swap_helper.S.obj)
                              (--whole-archive)
zephyr/arch/arch/arm/core/cortex_m/libarch__arm__core__cortex_m.a(irq_manage.c.obj)
                              (--whole-archive)
zephyr/arch/arch/arm/core/cortex_m/libarch__arm__core__cortex_m.a(prep_c.c.obj)
                              (--whole-archive)
zephyr/arch/arch/arm/core/cortex_m/libarch__arm__core__cortex_m.a(thread.c.obj)
                              (--whole-archive)
zephyr/arch/arch/arm/core/cortex_m/libarch__arm__core__cortex_m.a(cpu_idle.c.obj)
                              (--whole-archive)
zephyr/arch/arch/arm/core/cortex_m/libarch__arm__core__cortex_m.a(irq_init.c.obj)
                              (--whole-archive)
zephyr/arch/arch/arm/core/cortex_m/libarch__arm__core__cortex_m.a(isr_wrapper.c.obj)
                              (--whole-archive)
zephyr/arch/arch/arm/core/cortex_m/libarch__arm__core__cortex_m.a(__aeabi_read_tp.S.obj)
                              (--whole-archive)
zephyr/arch/arch/arm/core/mpu/libarch__arm__core__mpu.a(arm_core_mpu.c.obj)
                              (--whole-archive)
zephyr/arch/arch/arm/core/mpu/libarch__arm__core__mpu.a(arm_mpu.c.obj)
                              (--whole-archive)
zephyr/arch/arch/arm/core/mpu/libarch__arm__core__mpu.a(arm_mpu_regions.c.obj)
                              (--whole-archive)
zephyr/lib/libc/picolibc/liblib__libc__picolibc.a(assert.c.obj)
[...]
Memory Configuration

Name             Origin             Length             Attributes
FLASH            0x0000000008000000 0x0000000000080000 xr
RAM              0x0000000020000000 0x0000000000020000 xw
IDT_LIST         0x00000000ffff7fff 0x0000000000008000 xw
*default*        0x0000000000000000 0xffffffffffffffff

Linker script and memory map

                0x0000000008002938                vfprintf = __l_vfprintf
                0x0000000000000000                vfscanf = __l_vfscanf
LOAD zephyr/CMakeFiles/zephyr_final.dir/misc/empty_file.c.obj
LOAD zephyr/CMakeFiles/zephyr_final.dir/isr_tables.c.obj
LOAD zephyr/CMakeFiles/offsets.dir/./arch/arm/core/offsets/offsets.c.obj
LOAD app/libapp.a
LOAD zephyr/libzephyr.a
LOAD zephyr/arch/common/libarch__common.a
LOAD zephyr/arch/arch/arm/core/libarch__arm__core.a
LOAD zephyr/arch/arch/arm/core/cortex_m/libarch__arm__core__cortex_m.a
LOAD zephyr/arch/arch/arm/core/mpu/libarch__arm__core__mpu.a
LOAD zephyr/lib/libc/picolibc/liblib__libc__picolibc.a
LOAD zephyr/lib/libc/common/liblib__libc__common.a
LOAD zephyr/drivers/interrupt_controller/libdrivers__interrupt_controller.a
LOAD zephyr/drivers/clock_control/libdrivers__clock_control.a
LOAD zephyr/drivers/console/libdrivers__console.a
LOAD zephyr/drivers/gpio/libdrivers__gpio.a
LOAD zephyr/drivers/pinctrl/libdrivers__pinctrl.a
LOAD zephyr/drivers/reset/libdrivers__reset.a
LOAD zephyr/drivers/serial/libdrivers__serial.a
LOAD zephyr/drivers/timer/libdrivers__timer.a
LOAD modules/hal_stm32/stm32cube/lib..__modules__hal__stm32__stm32cube.a
LOAD zephyr/kernel/libkernel.a
LOAD zephyr/arch/common/libisr_tables.a
LOAD /home/raiton/zephyr-sdk-0.17.1/arm-zephyr-eabi/bin/../lib/gcc/../../picolibc/arm-zephyr-eabi/lib/thumb/v7e-m/nofp/libc.a
LOAD /home/raiton/zephyr-sdk-0.17.1/arm-zephyr-eabi/bin/../lib/gcc/arm-zephyr-eabi/12.2.0/thumb/v7e-m/nofp/libgcc.a
                0x0000000000000020                _region_min_align = 0x20

.rel.plt        0x0000000008000000        0x0
 *(SORT_BY_ALIGNMENT(.rel.plt))
                [!provide]                        PROVIDE (__rel_iplt_start = .)
 *(SORT_BY_ALIGNMENT(.rel.iplt))
 .rel.iplt      0x0000000008000000        0x0 zephyr/CMakeFiles/zephyr_final.dir/isr_tables.c.obj
                [!provide]                        PROVIDE (__rel_iplt_end = .)

.rela.plt       0x0000000000000000        0x0
 *(SORT_BY_ALIGNMENT(.rela.plt))
                [!provide]                        PROVIDE (__rela_iplt_start = .)
 *(SORT_BY_ALIGNMENT(.rela.iplt))
                [!provide]                        PROVIDE (__rela_iplt_end = .)

.rel.dyn
 *(SORT_BY_ALIGNMENT(.rel.*))

.rela.dyn
 *(SORT_BY_ALIGNMENT(.rela.*))

/DISCARD/
 *(SORT_BY_ALIGNMENT(.plt))

/DISCARD/
 *(SORT_BY_ALIGNMENT(.iplt))
                0x0000000008000000                __rom_region_start = 0x8000000

rom_start       0x0000000008000000      0x1d8
                0x0000000008000000                __rom_start_address = .
 FILL mask 0x00
                0x0000000008000000                . = (. + (0x0 - (. - __rom_start_address)))
                0x0000000008000000                . = ALIGN (0x4)
                0x0000000008000000                . = ALIGN (0x80)
                0x0000000008000000                . = ALIGN (0x200)
                0x0000000008000000                _vector_start = .
 *(SORT_BY_ALIGNMENT(.exc_vector_table))
 *(SORT_BY_ALIGNMENT(.exc_vector_table.*))
 .exc_vector_table._vector_table_section
                0x0000000008000000       0x40 zephyr/arch/arch/arm/core/cortex_m/libarch__arm__core__cortex_m.a(vector_table.S.obj)
                0x0000000008000000                _vector_table
 *(SORT_BY_ALIGNMENT(.vectors))
                0x00000000080001d8                _vector_end = .
                0x0000000008000040                . = ALIGN (0x4)
 *(SORT_BY_ALIGNMENT(.gnu.linkonce.irq_vector_table*))
 .gnu.linkonce.irq_vector_table
                0x0000000008000040      0x198 zephyr/CMakeFiles/zephyr_final.dir/isr_tables.c.obj
                0x0000000008000040                _irq_vector_table
                0x00000000080001d8                _vector_end = .

text            0x00000000080001d8     0x37dc
                0x00000000080001d8                __text_region_start = .
 *(SORT_BY_ALIGNMENT(.text))
 .text          0x00000000080001d8       0x30 /home/raiton/zephyr-sdk-0.17.1/arm-zephyr-eabi/bin/../lib/gcc/arm-zephyr-eabi/12.2.0/thumb/v7e-m/nofp/libgcc.a(_aeabi_uldivmod.o)
                0x00000000080001d8                __aeabi_uldivmod
 .text          0x0000000008000208        0x4 /home/raiton/zephyr-sdk-0.17.1/arm-zephyr-eabi/bin/../lib/gcc/arm-zephyr-eabi/12.2.0/thumb/v7e-m/nofp/libgcc.a(_dvmd_tls.o)
                0x0000000008000208                __aeabi_ldiv0
                0x0000000008000208                __aeabi_idiv0
 .text          0x000000000800020c      0x2a0 /home/raiton/zephyr-sdk-0.17.1/arm-zephyr-eabi/bin/../lib/gcc/arm-zephyr-eabi/12.2.0/thumb/v7e-m/nofp/libgcc.a(_udivmoddi4.o)
                0x000000000800020c                __udivmoddi4
 *(SORT_BY_ALIGNMENT(.text.*))
 .text.button_pressed
                0x00000000080004ac       0x18 app/libapp.a(main.c.obj)
                0x00000000080004ac                button_pressed
 .text.main     0x00000000080004c4      0x164 app/libapp.a(main.c.obj)
                0x00000000080004c4                main
 .text.char_out
                0x0000000008000628        0xc zephyr/libzephyr.a(printk.c.obj)
 .text.__printk_hook_install
                0x0000000008000634        0xc zephyr/libzephyr.a(printk.c.obj)
                0x0000000008000634                __printk_hook_install
 .text.vprintk  0x0000000008000640       0x30 zephyr/libzephyr.a(printk.c.obj)
                0x0000000008000640                vprintk
 .text.z_thread_entry
                0x0000000008000670       0x34 zephyr/libzephyr.a(thread_entry.c.obj)
                0x0000000008000670                z_thread_entry
 .text.st_stm32_common_config
                0x00000000080006a4       0x14 zephyr/libzephyr.a(soc_config.c.obj)
 .text.soc_early_init_hook
                0x00000000080006b8       0x68 zephyr/libzephyr.a(soc.c.obj)
                0x00000000080006b8                soc_early_init_hook
 .text.mem_attr_get_regions
                0x0000000008000720        0xc zephyr/libzephyr.a(mem_attr.c.obj)
                0x0000000008000720                mem_attr_get_regions
 .text.z_SysNmiOnReset
                0x000000000800072c        0x8 zephyr/arch/arch/arm/core/libarch__arm__core.a(nmi_on_reset.S.obj)
                0x000000000800072c                z_SysNmiOnReset
 .text.arch_tls_stack_setup
                0x0000000008000734       0x40 zephyr/arch/arch/arm/core/libarch__arm__core.a(tls.c.obj)
                0x0000000008000734                arch_tls_stack_setup
 .text._HandlerModeExit
                0x0000000008000774       0x20 zephyr/arch/arch/arm/core/cortex_m/libarch__arm__core__cortex_m.a(exc_exit.c.obj)
                0x0000000008000774                z_arm_exc_exit
                0x0000000008000774                z_arm_int_exit
 .text.mem_manage_fault
                0x0000000008000794       0xa0 zephyr/arch/arch/arm/core/cortex_m/libarch__arm__core__cortex_m.a(fault.c.obj)
 .text.usage_fault.constprop.0
                0x0000000008000834       0x54 zephyr/arch/arch/arm/core/cortex_m/libarch__arm__core__cortex_m.a(fault.c.obj)
 .text.bus_fault.constprop.0
                0x0000000008000888       0x6c zephyr/arch/arch/arm/core/cortex_m/libarch__arm__core__cortex_m.a(fault.c.obj)
 .text.z_arm_fault
                0x00000000080008f4      0x128 zephyr/arch/arch/arm/core/cortex_m/libarch__arm__core__cortex_m.a(fault.c.obj)
                0x00000000080008f4                z_arm_fault
 .text.z_arm_fault_init
                0x0000000008000a1c       0x18 zephyr/arch/arch/arm/core/cortex_m/libarch__arm__core__cortex_m.a(fault.c.obj)
                0x0000000008000a1c                z_arm_fault_init
 .text.__fault  0x0000000008000a34       0x14 zephyr/arch/arch/arm/core/cortex_m/libarch__arm__core__cortex_m.a(fault_s.S.obj)
                0x0000000008000a34                z_arm_bus_fault
                0x0000000008000a34                z_arm_usage_fault
                0x0000000008000a34                z_arm_mpu_fault
                0x0000000008000a34                z_arm_exc_spurious
                0x0000000008000a34                z_arm_debug_monitor
                0x0000000008000a34                z_arm_hard_fault
 .text._reset_section
                0x0000000008000a48       0x34 zephyr/arch/arch/arm/core/cortex_m/libarch__arm__core__cortex_m.a(reset.S.obj)
                0x0000000008000a48                z_arm_reset
                0x0000000008000a48                __start
 .text.z_impl_k_thread_abort
                0x0000000008000a7c       0x2c zephyr/arch/arch/arm/core/cortex_m/libarch__arm__core__cortex_m.a(thread_abort.c.obj)
                0x0000000008000a7c                z_impl_k_thread_abort
 .text.z_arm_pendsv
                0x0000000008000aa8       0x60 zephyr/arch/arch/arm/core/cortex_m/libarch__arm__core__cortex_m.a(swap_helper.S.obj)
                0x0000000008000aa8                z_arm_pendsv
 .text.z_arm_svc
                0x0000000008000b08       0x24 zephyr/arch/arch/arm/core/cortex_m/libarch__arm__core__cortex_m.a(swap_helper.S.obj)
                0x0000000008000b08                z_arm_svc
 .text.arm_irq_enable
                0x0000000008000b2c       0x1c zephyr/arch/arch/arm/core/cortex_m/libarch__arm__core__cortex_m.a(irq_manage.c.obj)
                0x0000000008000b2c                arm_irq_enable
 .text.arm_irq_priority_set
                0x0000000008000b48       0x30 zephyr/arch/arch/arm/core/cortex_m/libarch__arm__core__cortex_m.a(irq_manage.c.obj)
                0x0000000008000b48                arm_irq_priority_set
 .text.relocate_vector_table
                0x0000000008000b78       0x1c zephyr/arch/arch/arm/core/cortex_m/libarch__arm__core__cortex_m.a(prep_c.c.obj)
                0x0000000008000b78                relocate_vector_table
 .text.z_prep_c
                0x0000000008000b94       0x38 zephyr/arch/arch/arm/core/cortex_m/libarch__arm__core__cortex_m.a(prep_c.c.obj)
                0x0000000008000b94                z_prep_c
 .text.arch_new_thread
                0x0000000008000bcc       0x38 zephyr/arch/arch/arm/core/cortex_m/libarch__arm__core__cortex_m.a(thread.c.obj)
                0x0000000008000bcc                arch_new_thread
 .text.z_check_thread_stack_fail
                0x0000000008000c04       0x2c zephyr/arch/arch/arm/core/cortex_m/libarch__arm__core__cortex_m.a(thread.c.obj)
                0x0000000008000c04                z_check_thread_stack_fail
 .text.arch_switch_to_main_thread
                0x0000000008000c30       0x3c zephyr/arch/arch/arm/core/cortex_m/libarch__arm__core__cortex_m.a(thread.c.obj)
                0x0000000008000c30                arch_switch_to_main_thread
 .text.z_arm_cpu_idle_init
                0x0000000008000c6c        0xc zephyr/arch/arch/arm/core/cortex_m/libarch__arm__core__cortex_m.a(cpu_idle.c.obj)
                0x0000000008000c6c                z_arm_cpu_idle_init
 .text.z_arm_interrupt_init
                0x0000000008000c78       0x18 zephyr/arch/arch/arm/core/cortex_m/libarch__arm__core__cortex_m.a(irq_init.c.obj)
                0x0000000008000c78                z_arm_interrupt_init
 .text._isr_wrapper
                0x0000000008000c90       0x24 zephyr/arch/arch/arm/core/cortex_m/libarch__arm__core__cortex_m.a(isr_wrapper.c.obj)
                0x0000000008000c90                _isr_wrapper
 .text.z_arm_configure_static_mpu_regions
                0x0000000008000cb4       0x18 zephyr/arch/arch/arm/core/mpu/libarch__arm__core__mpu.a(arm_core_mpu.c.obj)
                0x0000000008000cb4                z_arm_configure_static_mpu_regions
 .text.z_arm_configure_dynamic_mpu_regions
                0x0000000008000ccc       0x20 zephyr/arch/arch/arm/core/mpu/libarch__arm__core__mpu.a(arm_core_mpu.c.obj)
                0x0000000008000ccc                z_arm_configure_dynamic_mpu_regions
 .text.region_init
                0x0000000008000cec       0x28 zephyr/arch/arch/arm/core/mpu/libarch__arm__core__mpu.a(arm_mpu.c.obj)
 .text.mpu_configure_regions
                0x0000000008000d14       0x6c zephyr/arch/arch/arm/core/mpu/libarch__arm__core__mpu.a(arm_mpu.c.obj)
 .text.arm_core_mpu_enable
                0x0000000008000d80       0x18 zephyr/arch/arch/arm/core/mpu/libarch__arm__core__mpu.a(arm_mpu.c.obj)
                0x0000000008000d80                arm_core_mpu_enable
 .text.arm_core_mpu_disable
                0x0000000008000d98       0x14 zephyr/arch/arch/arm/core/mpu/libarch__arm__core__mpu.a(arm_mpu.c.obj)
                0x0000000008000d98                arm_core_mpu_disable
 .text.arm_core_mpu_configure_static_mpu_regions
                0x0000000008000dac       0x14 zephyr/arch/arch/arm/core/mpu/libarch__arm__core__mpu.a(arm_mpu.c.obj)
                0x0000000008000dac                arm_core_mpu_configure_static_mpu_regions
 .text.arm_core_mpu_configure_dynamic_mpu_regions
                0x0000000008000dc0       0x38 zephyr/arch/arch/arm/core/mpu/libarch__arm__core__mpu.a(arm_mpu.c.obj)
                0x0000000008000dc0                arm_core_mpu_configure_dynamic_mpu_regions
 .text.z_arm_mpu_init
                0x0000000008000df8      0x168 zephyr/arch/arch/arm/core/mpu/libarch__arm__core__mpu.a(arm_mpu.c.obj)
                0x0000000008000df8                z_arm_mpu_init
 .text.z_impl_zephyr_fputc
                0x0000000008000f60       0x10 zephyr/lib/libc/picolibc/liblib__libc__picolibc.a(stdio.c.obj)
                0x0000000008000f60                z_impl_zephyr_fputc
 .text.__stdout_hook_install
                0x0000000008000f70       0x18 zephyr/lib/libc/picolibc/liblib__libc__picolibc.a(stdio.c.obj)
                0x0000000008000f70                __stdout_hook_install
 .text.malloc_prepare
                0x0000000008000f88       0x24 zephyr/lib/libc/common/liblib__libc__common.a(malloc.c.obj)
 .text.stm32_exti_isr
                0x0000000008000fac       0x4c zephyr/drivers/interrupt_controller/libdrivers__interrupt_controller.a(intc_exti_stm32.c.obj)
 .text.stm32_fill_irq_table
                0x0000000008000ff8       0x18 zephyr/drivers/interrupt_controller/libdrivers__interrupt_controller.a(intc_exti_stm32.c.obj)
 .text.stm32_exti_init
                0x0000000008001010       0xb4 zephyr/drivers/interrupt_controller/libdrivers__interrupt_controller.a(intc_exti_stm32.c.obj)
 .text.stm32_gpio_intc_enable_line
                0x00000000080010c4       0x2c zephyr/drivers/interrupt_controller/libdrivers__interrupt_controller.a(intc_exti_stm32.c.obj)
                0x00000000080010c4                stm32_gpio_intc_enable_line
 .text.stm32_gpio_intc_disable_line
                0x00000000080010f0       0x10 zephyr/drivers/interrupt_controller/libdrivers__interrupt_controller.a(intc_exti_stm32.c.obj)
                0x00000000080010f0                stm32_gpio_intc_disable_line
 .text.stm32_gpio_intc_select_line_trigger
                0x0000000008001100       0x50 zephyr/drivers/interrupt_controller/libdrivers__interrupt_controller.a(intc_exti_stm32.c.obj)
                0x0000000008001100                stm32_gpio_intc_select_line_trigger
 .text.stm32_gpio_intc_set_irq_callback
                0x0000000008001150       0x40 zephyr/drivers/interrupt_controller/libdrivers__interrupt_controller.a(intc_exti_stm32.c.obj)
                0x0000000008001150                stm32_gpio_intc_set_irq_callback
 .text.stm32_gpio_intc_remove_irq_callback
                0x0000000008001190       0x24 zephyr/drivers/interrupt_controller/libdrivers__interrupt_controller.a(intc_exti_stm32.c.obj)
                0x0000000008001190                stm32_gpio_intc_remove_irq_callback
 .text.stm32_exti_get_line_src_port
                0x00000000080011b4       0x38 zephyr/drivers/interrupt_controller/libdrivers__interrupt_controller.a(intc_exti_stm32.c.obj)
                0x00000000080011b4                stm32_exti_get_line_src_port
 .text.stm32_clock_control_get_subsys_rate
                0x00000000080011ec       0xd4 zephyr/drivers/clock_control/libdrivers__clock_control.a(clock_stm32_ll_common.c.obj)
 .text.stm32_clock_control_init
                0x00000000080012c0      0x154 zephyr/drivers/clock_control/libdrivers__clock_control.a(clock_stm32_ll_common.c.obj)
                0x00000000080012c0                stm32_clock_control_init
 .text.get_pllsrc_frequency
                0x0000000008001414        0x8 zephyr/drivers/clock_control/libdrivers__clock_control.a(clock_stm32g4.c.obj)
                0x0000000008001414                get_pllsrc_frequency
 .text.config_pll_sysclock
                0x000000000800141c       0x34 zephyr/drivers/clock_control/libdrivers__clock_control.a(clock_stm32g4.c.obj)
                0x000000000800141c                config_pll_sysclock
 .text.config_enable_default_clocks
                0x0000000008001450       0x20 zephyr/drivers/clock_control/libdrivers__clock_control.a(clock_stm32g4.c.obj)
                0x0000000008001450                config_enable_default_clocks
 .text.uart_console_init
                0x0000000008001470       0x28 zephyr/drivers/console/libdrivers__console.a(uart_console.c.obj)
 .text.console_out
                0x0000000008001498       0x28 zephyr/drivers/console/libdrivers__console.a(uart_console.c.obj)
 .text.gpio_stm32_pin_interrupt_configure
                0x00000000080014c0       0xb0 zephyr/drivers/gpio/libdrivers__gpio.a(gpio_stm32.c.obj)
 .text.gpio_stm32_init
                0x0000000008001570       0x38 zephyr/drivers/gpio/libdrivers__gpio.a(gpio_stm32.c.obj)
 .text.pinctrl_configure_pins
                0x00000000080015a8       0x84 zephyr/drivers/pinctrl/libdrivers__pinctrl.a(pinctrl_stm32.c.obj)
                0x00000000080015a8                pinctrl_configure_pins
 .text.uart_stm32_cfg2ll_stopbits
                0x000000000800162c       0x38 zephyr/drivers/serial/libdrivers__serial.a(uart_stm32.c.obj)
 .text.lpuartdiv_calc
                0x0000000008001664       0x30 zephyr/drivers/serial/libdrivers__serial.a(uart_stm32.c.obj)
                0x0000000008001664                lpuartdiv_calc
 .text.uart_stm32_set_baudrate
                0x0000000008001694       0xb0 zephyr/drivers/serial/libdrivers__serial.a(uart_stm32.c.obj)
 .text.uart_stm32_configure
                0x0000000008001744      0x100 zephyr/drivers/serial/libdrivers__serial.a(uart_stm32.c.obj)
 .text.uart_stm32_init
                0x0000000008001844      0x160 zephyr/drivers/serial/libdrivers__serial.a(uart_stm32.c.obj)
 .text.elapsed  0x00000000080019a4       0x4c zephyr/drivers/timer/libdrivers__timer.a(cortex_m_systick.c.obj)
 .text.sys_clock_driver_init
                0x00000000080019f0       0x38 zephyr/drivers/timer/libdrivers__timer.a(cortex_m_systick.c.obj)
 .text.sys_clock_isr
                0x0000000008001a28       0x60 zephyr/drivers/timer/libdrivers__timer.a(cortex_m_systick.c.obj)
                0x0000000008001a28                sys_clock_isr
 .text.sys_clock_set_timeout
                0x0000000008001a88       0xf8 zephyr/drivers/timer/libdrivers__timer.a(cortex_m_systick.c.obj)
                0x0000000008001a88                sys_clock_set_timeout
 .text.sys_clock_elapsed
                0x0000000008001b80       0x3c zephyr/drivers/timer/libdrivers__timer.a(cortex_m_systick.c.obj)
                0x0000000008001b80                sys_clock_elapsed
 .text.sys_clock_cycle_get_32
                0x0000000008001bbc       0x28 zephyr/drivers/timer/libdrivers__timer.a(cortex_m_systick.c.obj)
                0x0000000008001bbc                sys_clock_cycle_get_32
 .text.HAL_RCC_GetSysClockFreq
                0x0000000008001be4       0x6c modules/hal_stm32/stm32cube/lib..__modules__hal__stm32__stm32cube.a(stm32g4xx_hal_rcc.c.obj)
                0x0000000008001be4                HAL_RCC_GetSysClockFreq
 .text.LL_SetFlashLatency
                0x0000000008001c50       0xdc modules/hal_stm32/stm32cube/lib..__modules__hal__stm32__stm32cube.a(stm32g4xx_ll_utils.c.obj)
                0x0000000008001c50                LL_SetFlashLatency
 .text.z_fatal_error
                0x0000000008001d2c       0x30 zephyr/kernel/libkernel.a(fatal.c.obj)
                0x0000000008001d2c                z_fatal_error
 .text.z_sys_init_run_level
                0x0000000008001d5c       0x48 zephyr/kernel/libkernel.a(init.c.obj)
 .text.bg_thread_main
                0x0000000008001da4       0xc0 zephyr/kernel/libkernel.a(init.c.obj)
 .text.z_bss_zero
                0x0000000008001e64       0x18 zephyr/kernel/libkernel.a(init.c.obj)
                0x0000000008001e64                z_bss_zero
 .text.z_init_cpu
                0x0000000008001e7c       0x70 zephyr/kernel/libkernel.a(init.c.obj)
                0x0000000008001e7c                z_init_cpu
 .text.z_cstart
                0x0000000008001eec       0xd0 zephyr/kernel/libkernel.a(init.c.obj)
                0x0000000008001eec                z_cstart
 .text.z_setup_new_thread
                0x0000000008001fbc       0x98 zephyr/kernel/libkernel.a(thread.c.obj)
                0x0000000008001fbc                z_setup_new_thread
 .text.z_dummy_thread_init
                0x0000000008002054       0x18 zephyr/kernel/libkernel.a(thread.c.obj)
                0x0000000008002054                z_dummy_thread_init
 .text.z_swap_irqlock
                0x000000000800206c       0x30 zephyr/kernel/libkernel.a(sched.c.obj)
 .text.ready_thread
                0x000000000800209c       0x84 zephyr/kernel/libkernel.a(sched.c.obj)
 .text.unready_thread
                0x0000000008002120       0x54 zephyr/kernel/libkernel.a(sched.c.obj)
 .text.move_thread_to_end_of_prio_q
                0x0000000008002174       0x90 zephyr/kernel/libkernel.a(sched.c.obj)
                0x0000000008002174                move_thread_to_end_of_prio_q
 .text.z_reschedule
                0x0000000008002204       0x24 zephyr/kernel/libkernel.a(sched.c.obj)
                0x0000000008002204                z_reschedule
 .text.z_reschedule_irqlock
                0x0000000008002228       0x28 zephyr/kernel/libkernel.a(sched.c.obj)
                0x0000000008002228                z_reschedule_irqlock
 .text.k_sched_lock
                0x0000000008002250       0x28 zephyr/kernel/libkernel.a(sched.c.obj)
                0x0000000008002250                k_sched_lock
 .text.k_sched_unlock
                0x0000000008002278       0x68 zephyr/kernel/libkernel.a(sched.c.obj)
                0x0000000008002278                k_sched_unlock
 .text.z_sched_init
                0x00000000080022e0       0x10 zephyr/kernel/libkernel.a(sched.c.obj)
                0x00000000080022e0                z_sched_init
 .text.z_impl_k_yield
                0x00000000080022f0       0x88 zephyr/kernel/libkernel.a(sched.c.obj)
                0x00000000080022f0                z_impl_k_yield
 .text.z_tick_sleep
                0x0000000008002378       0x78 zephyr/kernel/libkernel.a(sched.c.obj)
 .text.z_impl_k_wakeup
                0x00000000080023f0       0x48 zephyr/kernel/libkernel.a(sched.c.obj)
                0x00000000080023f0                z_impl_k_wakeup
 .text.z_impl_k_sched_current_thread_query
                0x0000000008002438        0xc zephyr/kernel/libkernel.a(sched.c.obj)
                0x0000000008002438                z_impl_k_sched_current_thread_query
 .text.z_thread_abort
                0x0000000008002444      0x138 zephyr/kernel/libkernel.a(sched.c.obj)
                0x0000000008002444                z_thread_abort
 .text.slice_timeout
                0x000000000800257c       0x20 zephyr/kernel/libkernel.a(timeslicing.c.obj)
 .text.thread_is_sliceable
                0x000000000800259c       0x3c zephyr/kernel/libkernel.a(timeslicing.c.obj)
                0x000000000800259c                thread_is_sliceable
 .text.z_reset_time_slice
                0x00000000080025d8       0x50 zephyr/kernel/libkernel.a(timeslicing.c.obj)
                0x00000000080025d8                z_reset_time_slice
 .text.z_time_slice
                0x0000000008002628       0x60 zephyr/kernel/libkernel.a(timeslicing.c.obj)
                0x0000000008002628                z_time_slice
 .text.z_data_copy
                0x0000000008002688       0x38 zephyr/kernel/libkernel.a(xip.c.obj)
                0x0000000008002688                z_data_copy
 .text.first    0x00000000080026c0       0x10 zephyr/kernel/libkernel.a(timeout.c.obj)
 .text.elapsed  0x00000000080026d0       0x14 zephyr/kernel/libkernel.a(timeout.c.obj)
 .text.remove_timeout
                0x00000000080026e4       0x38 zephyr/kernel/libkernel.a(timeout.c.obj)
 .text.z_add_timeout
                0x000000000800271c      0x120 zephyr/kernel/libkernel.a(timeout.c.obj)
                0x000000000800271c                z_add_timeout
 .text.sys_clock_announce
                0x000000000800283c       0xc0 zephyr/kernel/libkernel.a(timeout.c.obj)
                0x000000000800283c                sys_clock_announce
 .text.sys_clock_tick_get
                0x00000000080028fc       0x30 zephyr/kernel/libkernel.a(timeout.c.obj)
                0x00000000080028fc                sys_clock_tick_get
 .text.boot_banner
                0x000000000800292c        0xc zephyr/kernel/libkernel.a(banner.c.obj)
                0x000000000800292c                boot_banner
 .text.__l_vfprintf
                0x0000000008002938      0x4b8 /home/raiton/zephyr-sdk-0.17.1/arm-zephyr-eabi/bin/../lib/gcc/../../picolibc/arm-zephyr-eabi/lib/thumb/v7e-m/nofp/libc.a(libc_tinystdio_vflprintf.c.o)
                0x0000000008002938                __l_vfprintf
 .text._OffsetAbsSyms
                0x0000000008002df0        0x2 zephyr/CMakeFiles/offsets.dir/./arch/arm/core/offsets/offsets.c.obj
                0x0000000008002df0                _OffsetAbsSyms
 .text.gpio_pin_configure_dt
                0x0000000008002df2       0x2a app/libapp.a(main.c.obj)
 .text.chunk_size
                0x0000000008002e1c        0xa zephyr/libzephyr.a(heap.c.obj)
 .text.free_list_add
                0x0000000008002e26       0x4e zephyr/libzephyr.a(heap.c.obj)
 .text.sys_heap_init
                0x0000000008002e74       0x7a zephyr/libzephyr.a(heap.c.obj)
                0x0000000008002e74                sys_heap_init
 .text.arch_printk_char_out
                0x0000000008002eee        0x4 zephyr/libzephyr.a(printk.c.obj)
                0x0000000008002eee                arch_printk_char_out
 .text.printk   0x0000000008002ef2       0x1a zephyr/libzephyr.a(printk.c.obj)
                0x0000000008002ef2                printk
 .text._ConfigAbsSyms
                0x0000000008002f0c        0x2 zephyr/libzephyr.a(configs.c.obj)
                0x0000000008002f0c                _ConfigAbsSyms
 .text.z_arm_fatal_error
                0x0000000008002f0e        0xc zephyr/arch/arch/arm/core/libarch__arm__core.a(fatal.c.obj)
                0x0000000008002f0e                z_arm_fatal_error
 .text.z_do_kernel_oops
                0x0000000008002f1a        0x8 zephyr/arch/arch/arm/core/libarch__arm__core.a(fatal.c.obj)
                0x0000000008002f1a                z_do_kernel_oops
 .text.z_arm_nmi
                0x0000000008002f22        0xe zephyr/arch/arch/arm/core/libarch__arm__core.a(nmi.c.obj)
                0x0000000008002f22                z_arm_nmi
 .text.z_irq_spurious
                0x0000000008002f30        0x8 zephyr/arch/arch/arm/core/cortex_m/libarch__arm__core__cortex_m.a(irq_manage.c.obj)
                0x0000000008002f30                z_irq_spurious
 .text.arch_irq_unlock_outlined
                0x0000000008002f38        0xe zephyr/arch/arch/arm/core/cortex_m/libarch__arm__core__cortex_m.a(thread.c.obj)
                0x0000000008002f38                arch_irq_unlock_outlined
 .text.arch_cpu_idle
                0x0000000008002f46       0x1a zephyr/arch/arch/arm/core/cortex_m/libarch__arm__core__cortex_m.a(cpu_idle.c.obj)
                0x0000000008002f46                arch_cpu_idle
 .text.size_to_mpu_rasr_size
                0x0000000008002f60       0x20 zephyr/arch/arch/arm/core/mpu/libarch__arm__core__mpu.a(arm_mpu.c.obj)
 .text.picolibc_put
                0x0000000008002f80        0xa zephyr/lib/libc/picolibc/liblib__libc__picolibc.a(stdio.c.obj)
 .text.stm32_gpio_intc_get_pin_irq_line
                0x0000000008002f8a        0x6 zephyr/drivers/interrupt_controller/libdrivers__interrupt_controller.a(intc_exti_stm32.c.obj)
                0x0000000008002f8a                stm32_gpio_intc_get_pin_irq_line
 .text.stm32_exti_set_line_src_port
                0x0000000008002f90       0x3c zephyr/drivers/interrupt_controller/libdrivers__interrupt_controller.a(intc_exti_stm32.c.obj)
                0x0000000008002f90                stm32_exti_set_line_src_port
 .text.stm32_clock_control_on
                0x0000000008002fcc       0x44 zephyr/drivers/clock_control/libdrivers__clock_control.a(clock_stm32_ll_common.c.obj)
 .text.stm32_clock_control_off
                0x0000000008003010       0x2c zephyr/drivers/clock_control/libdrivers__clock_control.a(clock_stm32_ll_common.c.obj)
 .text.enabled_clock
                0x000000000800303c       0x1e zephyr/drivers/clock_control/libdrivers__clock_control.a(clock_stm32_ll_common.c.obj)
                0x000000000800303c                enabled_clock
 .text.stm32_clock_control_configure
                0x000000000800305a       0x52 zephyr/drivers/clock_control/libdrivers__clock_control.a(clock_stm32_ll_common.c.obj)
 .text.stm32_clock_control_get_status
                0x00000000080030ac       0x38 zephyr/drivers/clock_control/libdrivers__clock_control.a(clock_stm32_ll_common.c.obj)
 .text.config_regulator_voltage
                0x00000000080030e4        0x2 zephyr/drivers/clock_control/libdrivers__clock_control.a(clock_stm32_ll_common.c.obj)
                0x00000000080030e4                config_regulator_voltage
 .text.gpio_stm32_port_get_raw
                0x00000000080030e6        0xc zephyr/drivers/gpio/libdrivers__gpio.a(gpio_stm32.c.obj)
 .text.gpio_stm32_port_set_masked_raw
                0x00000000080030f2       0x12 zephyr/drivers/gpio/libdrivers__gpio.a(gpio_stm32.c.obj)
 .text.gpio_stm32_port_set_bits_raw
                0x0000000008003104        0xa zephyr/drivers/gpio/libdrivers__gpio.a(gpio_stm32.c.obj)
 .text.gpio_stm32_port_clear_bits_raw
                0x000000000800310e        0xa zephyr/drivers/gpio/libdrivers__gpio.a(gpio_stm32.c.obj)
 .text.gpio_stm32_port_toggle_bits
                0x0000000008003118        0xe zephyr/drivers/gpio/libdrivers__gpio.a(gpio_stm32.c.obj)
 .text.gpio_stm32_manage_callback
                0x0000000008003126       0x52 zephyr/drivers/gpio/libdrivers__gpio.a(gpio_stm32.c.obj)
 .text.gpio_stm32_configure_raw.isra.0
                0x0000000008003178      0x106 zephyr/drivers/gpio/libdrivers__gpio.a(gpio_stm32.c.obj)
 .text.gpio_stm32_config
                0x000000000800327e       0xd4 zephyr/drivers/gpio/libdrivers__gpio.a(gpio_stm32.c.obj)
 .text.gpio_stm32_isr
                0x0000000008003352       0x2c zephyr/drivers/gpio/libdrivers__gpio.a(gpio_stm32.c.obj)
 .text.gpio_stm32_configure
                0x000000000800337e       0x2a zephyr/drivers/gpio/libdrivers__gpio.a(gpio_stm32.c.obj)
                0x000000000800337e                gpio_stm32_configure
 .text.pinctrl_lookup_state
                0x00000000080033a8       0x26 zephyr/drivers/pinctrl/libdrivers__pinctrl.a(common.c.obj)
                0x00000000080033a8                pinctrl_lookup_state
 .text.reset_stm32_status
                0x00000000080033ce       0x20 zephyr/drivers/reset/libdrivers__reset.a(reset_stm32.c.obj)
 .text.reset_stm32_line_assert
                0x00000000080033ee       0x1c zephyr/drivers/reset/libdrivers__reset.a(reset_stm32.c.obj)
 .text.reset_stm32_line_deassert
                0x000000000800340a       0x1e zephyr/drivers/reset/libdrivers__reset.a(reset_stm32.c.obj)
 .text.reset_stm32_line_toggle
                0x0000000008003428       0x16 zephyr/drivers/reset/libdrivers__reset.a(reset_stm32.c.obj)
 .text.uart_stm32_ll2cfg_databits
                0x000000000800343e       0x2a zephyr/drivers/serial/libdrivers__serial.a(uart_stm32.c.obj)
 .text.uart_stm32_err_check
                0x0000000008003468       0x5a zephyr/drivers/serial/libdrivers__serial.a(uart_stm32.c.obj)
 .text.uart_stm32_poll_out
                0x00000000080034c2       0x36 zephyr/drivers/serial/libdrivers__serial.a(uart_stm32.c.obj)
 .text.uart_stm32_poll_in
                0x00000000080034f8       0x20 zephyr/drivers/serial/libdrivers__serial.a(uart_stm32.c.obj)
 .text.uart_stm32_config_get
                0x0000000008003518       0x92 zephyr/drivers/serial/libdrivers__serial.a(uart_stm32.c.obj)
 .text.uart_stm32_parameters_set
                0x00000000080035aa      0x136 zephyr/drivers/serial/libdrivers__serial.a(uart_stm32.c.obj)
 .text.z_device_state_init
                0x00000000080036e0        0x2 zephyr/kernel/libkernel.a(device.c.obj)
                0x00000000080036e0                z_device_state_init
 .text.z_impl_device_is_ready
                0x00000000080036e2       0x16 zephyr/kernel/libkernel.a(device.c.obj)
                0x00000000080036e2                z_impl_device_is_ready
 .text.arch_system_halt
                0x00000000080036f8       0x10 zephyr/kernel/libkernel.a(fatal.c.obj)
                0x00000000080036f8                arch_system_halt
 .text.k_sys_fatal_error_handler
                0x0000000008003708        0x6 zephyr/kernel/libkernel.a(fatal.c.obj)
                0x0000000008003708                k_sys_fatal_error_handler
 .text.do_device_init
                0x000000000800370e       0x2e zephyr/kernel/libkernel.a(init.c.obj)
 .text.z_early_memset
                0x000000000800373c        0x4 zephyr/kernel/libkernel.a(init.c.obj)
                0x000000000800373c                z_early_memset
 .text.z_early_memcpy
                0x0000000008003740        0x4 zephyr/kernel/libkernel.a(init.c.obj)
                0x0000000008003740                z_early_memcpy
 .text.idle     0x0000000008003744       0x16 zephyr/kernel/libkernel.a(idle.c.obj)
                0x0000000008003744                idle
 .text.sys_dlist_remove
                0x000000000800375a       0x10 zephyr/kernel/libkernel.a(sched.c.obj)
 .text.unpend_thread_no_timeout
                0x000000000800376a       0x14 zephyr/kernel/libkernel.a(sched.c.obj)
 .text.z_ready_thread
                0x000000000800377e       0x1e zephyr/kernel/libkernel.a(sched.c.obj)
                0x000000000800377e                z_ready_thread
 .text.z_sched_wake_thread
                0x000000000800379c       0x3a zephyr/kernel/libkernel.a(sched.c.obj)
                0x000000000800379c                z_sched_wake_thread
 .text.z_thread_timeout
                0x00000000080037d6        0x8 zephyr/kernel/libkernel.a(sched.c.obj)
                0x00000000080037d6                z_thread_timeout
 .text.z_impl_k_sleep
                0x00000000080037de       0x50 zephyr/kernel/libkernel.a(sched.c.obj)
                0x00000000080037de                z_impl_k_sleep
 .text.next_timeout
                0x000000000800382e       0x2e zephyr/kernel/libkernel.a(timeout.c.obj)
 .text.z_abort_timeout
                0x000000000800385c       0x50 zephyr/kernel/libkernel.a(timeout.c.obj)
                0x000000000800385c                z_abort_timeout
 .text.sys_clock_tick_get_32
                0x00000000080038ac        0x8 zephyr/kernel/libkernel.a(timeout.c.obj)
                0x00000000080038ac                sys_clock_tick_get_32
 .text.memcpy   0x00000000080038b4       0x1c /home/raiton/zephyr-sdk-0.17.1/arm-zephyr-eabi/bin/../lib/gcc/../../picolibc/arm-zephyr-eabi/lib/thumb/v7e-m/nofp/libc.a(memcpy.c.o)
                0x00000000080038b4                memcpy
                0x00000000080038b4                __aeabi_memcpy
                0x00000000080038b4                __aeabi_memcpy4
                0x00000000080038b4                __aeabi_memcpy8
 .text.memset   0x00000000080038d0       0x10 /home/raiton/zephyr-sdk-0.17.1/arm-zephyr-eabi/bin/../lib/gcc/../../picolibc/arm-zephyr-eabi/lib/thumb/v7e-m/nofp/libc.a(memset.c.o)
                0x00000000080038d0                memset
 .text.strnlen  0x00000000080038e0       0x18 /home/raiton/zephyr-sdk-0.17.1/arm-zephyr-eabi/bin/../lib/gcc/../../picolibc/arm-zephyr-eabi/lib/thumb/v7e-m/nofp/libc.a(libc_string_strnlen.c.o)
                0x00000000080038e0                strnlen
 .text.__ultoa_invert
                0x00000000080038f8       0xae /home/raiton/zephyr-sdk-0.17.1/arm-zephyr-eabi/bin/../lib/gcc/../../picolibc/arm-zephyr-eabi/lib/thumb/v7e-m/nofp/libc.a(libc_tinystdio_vflprintf.c.o)
 *(SORT_BY_ALIGNMENT(.TEXT.*))
 *fill*         0x00000000080039a6        0x2 
 .TEXT.__aeabi_read_tp
                0x00000000080039a8        0xc zephyr/arch/arch/arm/core/cortex_m/libarch__arm__core__cortex_m.a(__aeabi_read_tp.S.obj)
                0x00000000080039a8                __aeabi_read_tp
 *(SORT_BY_ALIGNMENT(.gnu.linkonce.t.*))
 *(SORT_BY_ALIGNMENT(.glue_7t))
 .glue_7t       0x00000000080039b4        0x0 linker stubs
 *(SORT_BY_ALIGNMENT(.glue_7))
 .glue_7        0x00000000080039b4        0x0 linker stubs
 *(SORT_BY_ALIGNMENT(.vfp11_veneer))
 .vfp11_veneer  0x00000000080039b4        0x0 linker stubs
 *(SORT_BY_ALIGNMENT(.v4_bx))
 .v4_bx         0x00000000080039b4        0x0 linker stubs
                0x00000000080039b4                . = ALIGN (0x4)
                0x00000000080039b4                __text_region_end = .

.ARM.exidx      0x00000000080039b4        0x8
                0x00000000080039b4                __exidx_start = .
 *(SORT_BY_ALIGNMENT(.ARM.exidx*) SORT_BY_ALIGNMENT(gnu.linkonce.armexidx.*))
 .ARM.exidx     0x00000000080039b4        0x8 /home/raiton/zephyr-sdk-0.17.1/arm-zephyr-eabi/bin/../lib/gcc/arm-zephyr-eabi/12.2.0/thumb/v7e-m/nofp/libgcc.a(_udivmoddi4.o)
                0x00000000080039bc                __exidx_end = .
                0x00000000080039bc                __rodata_region_start = .

initlevel       0x00000000080039bc       0x40
                0x00000000080039bc                __init_start = .
                0x00000000080039bc                __init_EARLY_start = .
 *(SORT_BY_NAME(SORT_BY_ALIGNMENT(.z_init_EARLY_P_?_*)))
 *(SORT_BY_NAME(SORT_BY_ALIGNMENT(.z_init_EARLY_P_??_*)))
 *(SORT_BY_NAME(SORT_BY_ALIGNMENT(.z_init_EARLY_P_???_*)))
                0x00000000080039bc                __init_PRE_KERNEL_1_start = .
 *(SORT_BY_NAME(SORT_BY_ALIGNMENT(.z_init_PRE_KERNEL_1_P_?_*)))
 .z_init_PRE_KERNEL_1_P_1_SUB_00009_
                0x00000000080039bc        0x4 zephyr/drivers/clock_control/libdrivers__clock_control.a(clock_stm32_ll_common.c.obj)
 .z_init_PRE_KERNEL_1_P_1_SUB_0_
                0x00000000080039c0        0x4 zephyr/libzephyr.a(soc_config.c.obj)
 *(SORT_BY_NAME(SORT_BY_ALIGNMENT(.z_init_PRE_KERNEL_1_P_??_*)))
 .z_init_PRE_KERNEL_1_P_35_SUB_00043_
                0x00000000080039c4        0x4 zephyr/drivers/reset/libdrivers__reset.a(reset_stm32.c.obj)
 .z_init_PRE_KERNEL_1_P_40_SUB_00037_
                0x00000000080039c8        0x4 zephyr/drivers/gpio/libdrivers__gpio.a(gpio_stm32.c.obj)
 .z_init_PRE_KERNEL_1_P_40_SUB_00040_
                0x00000000080039cc        0x4 zephyr/drivers/gpio/libdrivers__gpio.a(gpio_stm32.c.obj)
 .z_init_PRE_KERNEL_1_P_40_SUB_00066_
                0x00000000080039d0        0x4 zephyr/drivers/interrupt_controller/libdrivers__interrupt_controller.a(intc_exti_stm32.c.obj)
 .z_init_PRE_KERNEL_1_P_40_SUB_00091_
                0x00000000080039d4        0x4 zephyr/drivers/gpio/libdrivers__gpio.a(gpio_stm32.c.obj)
 .z_init_PRE_KERNEL_1_P_40_SUB_00113_
                0x00000000080039d8        0x4 zephyr/drivers/gpio/libdrivers__gpio.a(gpio_stm32.c.obj)
 .z_init_PRE_KERNEL_1_P_40_SUB_00114_
                0x00000000080039dc        0x4 zephyr/drivers/gpio/libdrivers__gpio.a(gpio_stm32.c.obj)
 .z_init_PRE_KERNEL_1_P_40_SUB_00115_
                0x00000000080039e0        0x4 zephyr/drivers/gpio/libdrivers__gpio.a(gpio_stm32.c.obj)
 .z_init_PRE_KERNEL_1_P_40_SUB_00116_
                0x00000000080039e4        0x4 zephyr/drivers/gpio/libdrivers__gpio.a(gpio_stm32.c.obj)
 .z_init_PRE_KERNEL_1_P_50_SUB_00077_
                0x00000000080039e8        0x4 zephyr/drivers/serial/libdrivers__serial.a(uart_stm32.c.obj)
 .z_init_PRE_KERNEL_1_P_50_SUB_00080_
                0x00000000080039ec        0x4 zephyr/drivers/serial/libdrivers__serial.a(uart_stm32.c.obj)
 .z_init_PRE_KERNEL_1_P_60_SUB_0_
                0x00000000080039f0        0x4 zephyr/drivers/console/libdrivers__console.a(uart_console.c.obj)
 *(SORT_BY_NAME(SORT_BY_ALIGNMENT(.z_init_PRE_KERNEL_1_P_???_*)))
                0x00000000080039f4                __init_PRE_KERNEL_2_start = .
 *(SORT_BY_NAME(SORT_BY_ALIGNMENT(.z_init_PRE_KERNEL_2_P_?_*)))
 .z_init_PRE_KERNEL_2_P_0_SUB_0_
                0x00000000080039f4        0x4 zephyr/drivers/timer/libdrivers__timer.a(cortex_m_systick.c.obj)
 *(SORT_BY_NAME(SORT_BY_ALIGNMENT(.z_init_PRE_KERNEL_2_P_??_*)))
 *(SORT_BY_NAME(SORT_BY_ALIGNMENT(.z_init_PRE_KERNEL_2_P_???_*)))
                0x00000000080039f8                __init_POST_KERNEL_start = .
 *(SORT_BY_NAME(SORT_BY_ALIGNMENT(.z_init_POST_KERNEL_P_?_*)))
 *(SORT_BY_NAME(SORT_BY_ALIGNMENT(.z_init_POST_KERNEL_P_??_*)))
 .z_init_POST_KERNEL_P_35_SUB_0_
                0x00000000080039f8        0x4 zephyr/lib/libc/common/liblib__libc__common.a(malloc.c.obj)
 *(SORT_BY_NAME(SORT_BY_ALIGNMENT(.z_init_POST_KERNEL_P_???_*)))
                0x00000000080039fc                __init_APPLICATION_start = .
 *(SORT_BY_NAME(SORT_BY_ALIGNMENT(.z_init_APPLICATION_P_?_*)))
 *(SORT_BY_NAME(SORT_BY_ALIGNMENT(.z_init_APPLICATION_P_??_*)))
 *(SORT_BY_NAME(SORT_BY_ALIGNMENT(.z_init_APPLICATION_P_???_*)))
                0x00000000080039fc                __init_SMP_start = .
 *(SORT_BY_NAME(SORT_BY_ALIGNMENT(.z_init_SMP_P_?_*)))
 *(SORT_BY_NAME(SORT_BY_ALIGNMENT(.z_init_SMP_P_??_*)))
 *(SORT_BY_NAME(SORT_BY_ALIGNMENT(.z_init_SMP_P_???_*)))
                0x00000000080039fc                __init_end = .

device_area     0x00000000080039fc      0x180
                0x00000000080039fc                _device_list_start = .
 *(SORT_BY_NAME(SORT_BY_ALIGNMENT(._device.static.*_?_*)))
 ._device.static.1_1_
                0x00000000080039fc       0x20 zephyr/drivers/clock_control/libdrivers__clock_control.a(clock_stm32_ll_common.c.obj)
                0x00000000080039fc                __device_dts_ord_9
 *(SORT_BY_NAME(SORT_BY_ALIGNMENT(._device.static.*_??_*)))
 ._device.static.1_35_
                0x0000000008003a1c       0x20 zephyr/drivers/reset/libdrivers__reset.a(reset_stm32.c.obj)
                0x0000000008003a1c                __device_dts_ord_43
 ._device.static.1_40_
                0x0000000008003a3c       0x20 zephyr/drivers/interrupt_controller/libdrivers__interrupt_controller.a(intc_exti_stm32.c.obj)
                0x0000000008003a3c                __device_dts_ord_66
 ._device.static.1_40_
                0x0000000008003a5c       0xe0 zephyr/drivers/gpio/libdrivers__gpio.a(gpio_stm32.c.obj)
                0x0000000008003a5c                __device_dts_ord_116
                0x0000000008003a7c                __device_dts_ord_115
                0x0000000008003a9c                __device_dts_ord_114
                0x0000000008003abc                __device_dts_ord_113
                0x0000000008003adc                __device_dts_ord_37
                0x0000000008003afc                __device_dts_ord_91
                0x0000000008003b1c                __device_dts_ord_40
 ._device.static.1_50_
                0x0000000008003b3c       0x40 zephyr/drivers/serial/libdrivers__serial.a(uart_stm32.c.obj)
                0x0000000008003b3c                __device_dts_ord_77
                0x0000000008003b5c                __device_dts_ord_80
 *(SORT_BY_NAME(SORT_BY_ALIGNMENT(._device.static.*_???_*)))
 *(SORT_BY_NAME(SORT_BY_ALIGNMENT(._device.static.*_????_*)))
 *(SORT_BY_NAME(SORT_BY_ALIGNMENT(._device.static.*_?????_*)))
                0x0000000008003b7c                _device_list_end = .

service_area    0x0000000008003b7c       0x10
                0x0000000008003b7c                _service_list_start = .
 *(SORT_BY_NAME(SORT_BY_ALIGNMENT(._service.static.*_?_*)))
 ._service.static.1_1_
                0x0000000008003b7c        0x4 zephyr/libzephyr.a(soc_config.c.obj)
 ._service.static.2_0_
                0x0000000008003b80        0x4 zephyr/drivers/timer/libdrivers__timer.a(cortex_m_systick.c.obj)
 *(SORT_BY_NAME(SORT_BY_ALIGNMENT(._service.static.*_??_*)))
 ._service.static.1_60_
                0x0000000008003b84        0x4 zephyr/drivers/console/libdrivers__console.a(uart_console.c.obj)
 ._service.static.3_35_
                0x0000000008003b88        0x4 zephyr/lib/libc/common/liblib__libc__common.a(malloc.c.obj)
 *(SORT_BY_NAME(SORT_BY_ALIGNMENT(._service.static.*_???_*)))
 *(SORT_BY_NAME(SORT_BY_ALIGNMENT(._service.static.*_????_*)))
 *(SORT_BY_NAME(SORT_BY_ALIGNMENT(._service.static.*_?????_*)))
                0x0000000008003b8c                _service_list_end = .

sw_isr_table    0x0000000008003b8c      0x330
                0x0000000008003b8c                . = ALIGN (0x4)
 *(SORT_BY_ALIGNMENT(.gnu.linkonce.sw_isr_table*))
 .gnu.linkonce.sw_isr_table
                0x0000000008003b8c      0x330 zephyr/CMakeFiles/zephyr_final.dir/isr_tables.c.obj
                0x0000000008003b8c                _sw_isr_table

initlevel_error
                0x00000000080039bc        0x0
 *(SORT_BY_NAME(SORT_BY_ALIGNMENT(.z_init_*)))
                0x0000000000000001                ASSERT ((SIZEOF (initlevel_error) == 0x0), Undefined initialization levels used.)

app_shmem_regions
                0x0000000008003ebc        0x0
                0x0000000008003ebc                __app_shmem_regions_start = .
 *(SORT_BY_NAME(SORT_BY_ALIGNMENT(.app_regions.*)))
                0x0000000008003ebc                __app_shmem_regions_end = .

k_p4wq_initparam_area
                0x0000000008003ebc        0x0
                0x0000000008003ebc                _k_p4wq_initparam_list_start = .
 *(SORT_BY_NAME(SORT_BY_ALIGNMENT(._k_p4wq_initparam.static.*)))
                0x0000000008003ebc                _k_p4wq_initparam_list_end = .

_static_thread_data_area
                0x0000000008003ebc        0x0
                0x0000000008003ebc                __static_thread_data_list_start = .
 *(SORT_BY_NAME(SORT_BY_ALIGNMENT(.__static_thread_data.static.*)))
                0x0000000008003ebc                __static_thread_data_list_end = .

device_deps     0x0000000008003ebc        0x0
                0x0000000008003ebc                __device_deps_start = .
 *(SORT_BY_NAME(SORT_BY_ALIGNMENT(.__device_deps_pass2*)))
                0x0000000008003ebc                __device_deps_end = .

gpio_driver_api_area
                0x0000000008003ebc       0x24
                0x0000000008003ebc                _gpio_driver_api_list_start = .
 *(SORT_BY_NAME(SORT_BY_ALIGNMENT(._gpio_driver_api.static.*)))
 ._gpio_driver_api.static.gpio_stm32_driver_
                0x0000000008003ebc       0x24 zephyr/drivers/gpio/libdrivers__gpio.a(gpio_stm32.c.obj)
                0x0000000008003ee0                _gpio_driver_api_list_end = .

reset_driver_api_area
                0x0000000008003ee0       0x10
                0x0000000008003ee0                _reset_driver_api_list_start = .
 *(SORT_BY_NAME(SORT_BY_ALIGNMENT(._reset_driver_api.static.*)))
 ._reset_driver_api.static.reset_stm32_driver_api_
                0x0000000008003ee0       0x10 zephyr/drivers/reset/libdrivers__reset.a(reset_stm32.c.obj)
                0x0000000008003ef0                _reset_driver_api_list_end = .

shared_irq_driver_api_area
                0x0000000008003ef0        0x0
                0x0000000008003ef0                _shared_irq_driver_api_list_start = .
 *(SORT_BY_NAME(SORT_BY_ALIGNMENT(._shared_irq_driver_api.static.*)))
                0x0000000008003ef0                _shared_irq_driver_api_list_end = .

crypto_driver_api_area
                0x0000000008003ef0        0x0
                0x0000000008003ef0                _crypto_driver_api_list_start = .
 *(SORT_BY_NAME(SORT_BY_ALIGNMENT(._crypto_driver_api.static.*)))
                0x0000000008003ef0                _crypto_driver_api_list_end = .

adc_driver_api_area
                0x0000000008003ef0        0x0
                0x0000000008003ef0                _adc_driver_api_list_start = .
 *(SORT_BY_NAME(SORT_BY_ALIGNMENT(._adc_driver_api.static.*)))
                0x0000000008003ef0                _adc_driver_api_list_end = .

auxdisplay_driver_api_area
                0x0000000008003ef0        0x0
                0x0000000008003ef0                _auxdisplay_driver_api_list_start = .
 *(SORT_BY_NAME(SORT_BY_ALIGNMENT(._auxdisplay_driver_api.static.*)))
                0x0000000008003ef0                _auxdisplay_driver_api_list_end = .

bbram_driver_api_area
                0x0000000008003ef0        0x0
                0x0000000008003ef0                _bbram_driver_api_list_start = .
 *(SORT_BY_NAME(SORT_BY_ALIGNMENT(._bbram_driver_api.static.*)))
                0x0000000008003ef0                _bbram_driver_api_list_end = .

bt_hci_driver_api_area
                0x0000000008003ef0        0x0
                0x0000000008003ef0                _bt_hci_driver_api_list_start = .
 *(SORT_BY_NAME(SORT_BY_ALIGNMENT(._bt_hci_driver_api.static.*)))
                0x0000000008003ef0                _bt_hci_driver_api_list_end = .

can_driver_api_area
                0x0000000008003ef0        0x0
                0x0000000008003ef0                _can_driver_api_list_start = .
 *(SORT_BY_NAME(SORT_BY_ALIGNMENT(._can_driver_api.static.*)))
                0x0000000008003ef0                _can_driver_api_list_end = .

cellular_driver_api_area
                0x0000000008003ef0        0x0
                0x0000000008003ef0                _cellular_driver_api_list_start = .
 *(SORT_BY_NAME(SORT_BY_ALIGNMENT(._cellular_driver_api.static.*)))
                0x0000000008003ef0                _cellular_driver_api_list_end = .

charger_driver_api_area
                0x0000000008003ef0        0x0
                0x0000000008003ef0                _charger_driver_api_list_start = .
 *(SORT_BY_NAME(SORT_BY_ALIGNMENT(._charger_driver_api.static.*)))
                0x0000000008003ef0                _charger_driver_api_list_end = .

clock_control_driver_api_area
                0x0000000008003ef0       0x1c
                0x0000000008003ef0                _clock_control_driver_api_list_start = .
 *(SORT_BY_NAME(SORT_BY_ALIGNMENT(._clock_control_driver_api.static.*)))
 ._clock_control_driver_api.static.stm32_clock_control_api_
                0x0000000008003ef0       0x1c zephyr/drivers/clock_control/libdrivers__clock_control.a(clock_stm32_ll_common.c.obj)
                0x0000000008003f0c                _clock_control_driver_api_list_end = .

comparator_driver_api_area
                0x0000000008003f0c        0x0
                0x0000000008003f0c                _comparator_driver_api_list_start = .
 *(SORT_BY_NAME(SORT_BY_ALIGNMENT(._comparator_driver_api.static.*)))
                0x0000000008003f0c                _comparator_driver_api_list_end = .

coredump_driver_api_area
                0x0000000008003f0c        0x0
                0x0000000008003f0c                _coredump_driver_api_list_start = .
 *(SORT_BY_NAME(SORT_BY_ALIGNMENT(._coredump_driver_api.static.*)))
                0x0000000008003f0c                _coredump_driver_api_list_end = .

counter_driver_api_area
                0x0000000008003f0c        0x0
                0x0000000008003f0c                _counter_driver_api_list_start = .
 *(SORT_BY_NAME(SORT_BY_ALIGNMENT(._counter_driver_api.static.*)))
                0x0000000008003f0c                _counter_driver_api_list_end = .

dac_driver_api_area
                0x0000000008003f0c        0x0
                0x0000000008003f0c                _dac_driver_api_list_start = .
 *(SORT_BY_NAME(SORT_BY_ALIGNMENT(._dac_driver_api.static.*)))
                0x0000000008003f0c                _dac_driver_api_list_end = .

dai_driver_api_area
                0x0000000008003f0c        0x0
                0x0000000008003f0c                _dai_driver_api_list_start = .
 *(SORT_BY_NAME(SORT_BY_ALIGNMENT(._dai_driver_api.static.*)))
                0x0000000008003f0c                _dai_driver_api_list_end = .

display_driver_api_area
                0x0000000008003f0c        0x0
                0x0000000008003f0c                _display_driver_api_list_start = .
 *(SORT_BY_NAME(SORT_BY_ALIGNMENT(._display_driver_api.static.*)))
                0x0000000008003f0c                _display_driver_api_list_end = .

dma_driver_api_area
                0x0000000008003f0c        0x0
                0x0000000008003f0c                _dma_driver_api_list_start = .
 *(SORT_BY_NAME(SORT_BY_ALIGNMENT(._dma_driver_api.static.*)))
                0x0000000008003f0c                _dma_driver_api_list_end = .

edac_driver_api_area
                0x0000000008003f0c        0x0
                0x0000000008003f0c                _edac_driver_api_list_start = .
 *(SORT_BY_NAME(SORT_BY_ALIGNMENT(._edac_driver_api.static.*)))
                0x0000000008003f0c                _edac_driver_api_list_end = .

eeprom_driver_api_area
                0x0000000008003f0c        0x0
                0x0000000008003f0c                _eeprom_driver_api_list_start = .
 *(SORT_BY_NAME(SORT_BY_ALIGNMENT(._eeprom_driver_api.static.*)))
                0x0000000008003f0c                _eeprom_driver_api_list_end = .

emul_bbram_driver_api_area
                0x0000000008003f0c        0x0
                0x0000000008003f0c                _emul_bbram_driver_api_list_start = .
 *(SORT_BY_NAME(SORT_BY_ALIGNMENT(._emul_bbram_driver_api.static.*)))
                0x0000000008003f0c                _emul_bbram_driver_api_list_end = .

fuel_gauge_emul_driver_api_area
                0x0000000008003f0c        0x0
                0x0000000008003f0c                _fuel_gauge_emul_driver_api_list_start = .
 *(SORT_BY_NAME(SORT_BY_ALIGNMENT(._fuel_gauge_emul_driver_api.static.*)))
                0x0000000008003f0c                _fuel_gauge_emul_driver_api_list_end = .

emul_sensor_driver_api_area
                0x0000000008003f0c        0x0
                0x0000000008003f0c                _emul_sensor_driver_api_list_start = .
 *(SORT_BY_NAME(SORT_BY_ALIGNMENT(._emul_sensor_driver_api.static.*)))
                0x0000000008003f0c                _emul_sensor_driver_api_list_end = .

entropy_driver_api_area
                0x0000000008003f0c        0x0
                0x0000000008003f0c                _entropy_driver_api_list_start = .
 *(SORT_BY_NAME(SORT_BY_ALIGNMENT(._entropy_driver_api.static.*)))
                0x0000000008003f0c                _entropy_driver_api_list_end = .

espi_driver_api_area
                0x0000000008003f0c        0x0
                0x0000000008003f0c                _espi_driver_api_list_start = .
 *(SORT_BY_NAME(SORT_BY_ALIGNMENT(._espi_driver_api.static.*)))
                0x0000000008003f0c                _espi_driver_api_list_end = .

espi_saf_driver_api_area
                0x0000000008003f0c        0x0
                0x0000000008003f0c                _espi_saf_driver_api_list_start = .
 *(SORT_BY_NAME(SORT_BY_ALIGNMENT(._espi_saf_driver_api.static.*)))
                0x0000000008003f0c                _espi_saf_driver_api_list_end = .

flash_driver_api_area
                0x0000000008003f0c        0x0
                0x0000000008003f0c                _flash_driver_api_list_start = .
 *(SORT_BY_NAME(SORT_BY_ALIGNMENT(._flash_driver_api.static.*)))
                0x0000000008003f0c                _flash_driver_api_list_end = .

fpga_driver_api_area
                0x0000000008003f0c        0x0
                0x0000000008003f0c                _fpga_driver_api_list_start = .
 *(SORT_BY_NAME(SORT_BY_ALIGNMENT(._fpga_driver_api.static.*)))
                0x0000000008003f0c                _fpga_driver_api_list_end = .

fuel_gauge_driver_api_area
                0x0000000008003f0c        0x0
                0x0000000008003f0c                _fuel_gauge_driver_api_list_start = .
 *(SORT_BY_NAME(SORT_BY_ALIGNMENT(._fuel_gauge_driver_api.static.*)))
                0x0000000008003f0c                _fuel_gauge_driver_api_list_end = .

gnss_driver_api_area
                0x0000000008003f0c        0x0
                0x0000000008003f0c                _gnss_driver_api_list_start = .
 *(SORT_BY_NAME(SORT_BY_ALIGNMENT(._gnss_driver_api.static.*)))
                0x0000000008003f0c                _gnss_driver_api_list_end = .

haptics_driver_api_area
                0x0000000008003f0c        0x0
                0x0000000008003f0c                _haptics_driver_api_list_start = .
 *(SORT_BY_NAME(SORT_BY_ALIGNMENT(._haptics_driver_api.static.*)))
                0x0000000008003f0c                _haptics_driver_api_list_end = .

hwspinlock_driver_api_area
                0x0000000008003f0c        0x0
                0x0000000008003f0c                _hwspinlock_driver_api_list_start = .
 *(SORT_BY_NAME(SORT_BY_ALIGNMENT(._hwspinlock_driver_api.static.*)))
                0x0000000008003f0c                _hwspinlock_driver_api_list_end = .

i2c_driver_api_area
                0x0000000008003f0c        0x0
                0x0000000008003f0c                _i2c_driver_api_list_start = .
 *(SORT_BY_NAME(SORT_BY_ALIGNMENT(._i2c_driver_api.static.*)))
                0x0000000008003f0c                _i2c_driver_api_list_end = .

i2c_target_driver_api_area
                0x0000000008003f0c        0x0
                0x0000000008003f0c                _i2c_target_driver_api_list_start = .
 *(SORT_BY_NAME(SORT_BY_ALIGNMENT(._i2c_target_driver_api.static.*)))
                0x0000000008003f0c                _i2c_target_driver_api_list_end = .

i2s_driver_api_area
                0x0000000008003f0c        0x0
                0x0000000008003f0c                _i2s_driver_api_list_start = .
 *(SORT_BY_NAME(SORT_BY_ALIGNMENT(._i2s_driver_api.static.*)))
                0x0000000008003f0c                _i2s_driver_api_list_end = .

i3c_driver_api_area
                0x0000000008003f0c        0x0
                0x0000000008003f0c                _i3c_driver_api_list_start = .
 *(SORT_BY_NAME(SORT_BY_ALIGNMENT(._i3c_driver_api.static.*)))
                0x0000000008003f0c                _i3c_driver_api_list_end = .

ipm_driver_api_area
                0x0000000008003f0c        0x0
                0x0000000008003f0c                _ipm_driver_api_list_start = .
 *(SORT_BY_NAME(SORT_BY_ALIGNMENT(._ipm_driver_api.static.*)))
                0x0000000008003f0c                _ipm_driver_api_list_end = .

led_driver_api_area
                0x0000000008003f0c        0x0
                0x0000000008003f0c                _led_driver_api_list_start = .
 *(SORT_BY_NAME(SORT_BY_ALIGNMENT(._led_driver_api.static.*)))
                0x0000000008003f0c                _led_driver_api_list_end = .

led_strip_driver_api_area
                0x0000000008003f0c        0x0
                0x0000000008003f0c                _led_strip_driver_api_list_start = .
 *(SORT_BY_NAME(SORT_BY_ALIGNMENT(._led_strip_driver_api.static.*)))
                0x0000000008003f0c                _led_strip_driver_api_list_end = .

lora_driver_api_area
                0x0000000008003f0c        0x0
                0x0000000008003f0c                _lora_driver_api_list_start = .
 *(SORT_BY_NAME(SORT_BY_ALIGNMENT(._lora_driver_api.static.*)))
                0x0000000008003f0c                _lora_driver_api_list_end = .

mbox_driver_api_area
                0x0000000008003f0c        0x0
                0x0000000008003f0c                _mbox_driver_api_list_start = .
 *(SORT_BY_NAME(SORT_BY_ALIGNMENT(._mbox_driver_api.static.*)))
                0x0000000008003f0c                _mbox_driver_api_list_end = .

mdio_driver_api_area
                0x0000000008003f0c        0x0
                0x0000000008003f0c                _mdio_driver_api_list_start = .
 *(SORT_BY_NAME(SORT_BY_ALIGNMENT(._mdio_driver_api.static.*)))
                0x0000000008003f0c                _mdio_driver_api_list_end = .

mipi_dbi_driver_api_area
                0x0000000008003f0c        0x0
                0x0000000008003f0c                _mipi_dbi_driver_api_list_start = .
 *(SORT_BY_NAME(SORT_BY_ALIGNMENT(._mipi_dbi_driver_api.static.*)))
                0x0000000008003f0c                _mipi_dbi_driver_api_list_end = .

mipi_dsi_driver_api_area
                0x0000000008003f0c        0x0
                0x0000000008003f0c                _mipi_dsi_driver_api_list_start = .
 *(SORT_BY_NAME(SORT_BY_ALIGNMENT(._mipi_dsi_driver_api.static.*)))
                0x0000000008003f0c                _mipi_dsi_driver_api_list_end = .

mspi_driver_api_area
                0x0000000008003f0c        0x0
                0x0000000008003f0c                _mspi_driver_api_list_start = .
 *(SORT_BY_NAME(SORT_BY_ALIGNMENT(._mspi_driver_api.static.*)))
                0x0000000008003f0c                _mspi_driver_api_list_end = .

peci_driver_api_area
                0x0000000008003f0c        0x0
                0x0000000008003f0c                _peci_driver_api_list_start = .
 *(SORT_BY_NAME(SORT_BY_ALIGNMENT(._peci_driver_api.static.*)))
                0x0000000008003f0c                _peci_driver_api_list_end = .

ps2_driver_api_area
                0x0000000008003f0c        0x0
                0x0000000008003f0c                _ps2_driver_api_list_start = .
 *(SORT_BY_NAME(SORT_BY_ALIGNMENT(._ps2_driver_api.static.*)))
                0x0000000008003f0c                _ps2_driver_api_list_end = .

ptp_clock_driver_api_area
                0x0000000008003f0c        0x0
                0x0000000008003f0c                _ptp_clock_driver_api_list_start = .
 *(SORT_BY_NAME(SORT_BY_ALIGNMENT(._ptp_clock_driver_api.static.*)))
                0x0000000008003f0c                _ptp_clock_driver_api_list_end = .

pwm_driver_api_area
                0x0000000008003f0c        0x0
                0x0000000008003f0c                _pwm_driver_api_list_start = .
 *(SORT_BY_NAME(SORT_BY_ALIGNMENT(._pwm_driver_api.static.*)))
                0x0000000008003f0c                _pwm_driver_api_list_end = .

regulator_parent_driver_api_area
                0x0000000008003f0c        0x0
                0x0000000008003f0c                _regulator_parent_driver_api_list_start = .
 *(SORT_BY_NAME(SORT_BY_ALIGNMENT(._regulator_parent_driver_api.static.*)))
                0x0000000008003f0c                _regulator_parent_driver_api_list_end = .

regulator_driver_api_area
                0x0000000008003f0c        0x0
                0x0000000008003f0c                _regulator_driver_api_list_start = .
 *(SORT_BY_NAME(SORT_BY_ALIGNMENT(._regulator_driver_api.static.*)))
                0x0000000008003f0c                _regulator_driver_api_list_end = .

retained_mem_driver_api_area
                0x0000000008003f0c        0x0
                0x0000000008003f0c                _retained_mem_driver_api_list_start = .
 *(SORT_BY_NAME(SORT_BY_ALIGNMENT(._retained_mem_driver_api.static.*)))
                0x0000000008003f0c                _retained_mem_driver_api_list_end = .

rtc_driver_api_area
                0x0000000008003f0c        0x0
                0x0000000008003f0c                _rtc_driver_api_list_start = .
 *(SORT_BY_NAME(SORT_BY_ALIGNMENT(._rtc_driver_api.static.*)))
                0x0000000008003f0c                _rtc_driver_api_list_end = .

sdhc_driver_api_area
                0x0000000008003f0c        0x0
                0x0000000008003f0c                _sdhc_driver_api_list_start = .
 *(SORT_BY_NAME(SORT_BY_ALIGNMENT(._sdhc_driver_api.static.*)))
                0x0000000008003f0c                _sdhc_driver_api_list_end = .

sensor_driver_api_area
                0x0000000008003f0c        0x0
                0x0000000008003f0c                _sensor_driver_api_list_start = .
 *(SORT_BY_NAME(SORT_BY_ALIGNMENT(._sensor_driver_api.static.*)))
                0x0000000008003f0c                _sensor_driver_api_list_end = .

smbus_driver_api_area
                0x0000000008003f0c        0x0
                0x0000000008003f0c                _smbus_driver_api_list_start = .
 *(SORT_BY_NAME(SORT_BY_ALIGNMENT(._smbus_driver_api.static.*)))
                0x0000000008003f0c                _smbus_driver_api_list_end = .

spi_driver_api_area
                0x0000000008003f0c        0x0
                0x0000000008003f0c                _spi_driver_api_list_start = .
 *(SORT_BY_NAME(SORT_BY_ALIGNMENT(._spi_driver_api.static.*)))
                0x0000000008003f0c                _spi_driver_api_list_end = .

stepper_driver_api_area
                0x0000000008003f0c        0x0
                0x0000000008003f0c                _stepper_driver_api_list_start = .
 *(SORT_BY_NAME(SORT_BY_ALIGNMENT(._stepper_driver_api.static.*)))
                0x0000000008003f0c                _stepper_driver_api_list_end = .

syscon_driver_api_area
                0x0000000008003f0c        0x0
                0x0000000008003f0c                _syscon_driver_api_list_start = .
 *(SORT_BY_NAME(SORT_BY_ALIGNMENT(._syscon_driver_api.static.*)))
                0x0000000008003f0c                _syscon_driver_api_list_end = .

tee_driver_api_area
                0x0000000008003f0c        0x0
                0x0000000008003f0c                _tee_driver_api_list_start = .
 *(SORT_BY_NAME(SORT_BY_ALIGNMENT(._tee_driver_api.static.*)))
                0x0000000008003f0c                _tee_driver_api_list_end = .

video_driver_api_area
                0x0000000008003f0c        0x0
                0x0000000008003f0c                _video_driver_api_list_start = .
 *(SORT_BY_NAME(SORT_BY_ALIGNMENT(._video_driver_api.static.*)))
                0x0000000008003f0c                _video_driver_api_list_end = .

w1_driver_api_area
                0x0000000008003f0c        0x0
                0x0000000008003f0c                _w1_driver_api_list_start = .
 *(SORT_BY_NAME(SORT_BY_ALIGNMENT(._w1_driver_api.static.*)))
                0x0000000008003f0c                _w1_driver_api_list_end = .

wdt_driver_api_area
                0x0000000008003f0c        0x0
                0x0000000008003f0c                _wdt_driver_api_list_start = .
 *(SORT_BY_NAME(SORT_BY_ALIGNMENT(._wdt_driver_api.static.*)))
                0x0000000008003f0c                _wdt_driver_api_list_end = .

can_transceiver_driver_api_area
                0x0000000008003f0c        0x0
                0x0000000008003f0c                _can_transceiver_driver_api_list_start = .
 *(SORT_BY_NAME(SORT_BY_ALIGNMENT(._can_transceiver_driver_api.static.*)))
                0x0000000008003f0c                _can_transceiver_driver_api_list_end = .

nrf_clock_control_driver_api_area
                0x0000000008003f0c        0x0
                0x0000000008003f0c                _nrf_clock_control_driver_api_list_start = .
 *(SORT_BY_NAME(SORT_BY_ALIGNMENT(._nrf_clock_control_driver_api.static.*)))
                0x0000000008003f0c                _nrf_clock_control_driver_api_list_end = .

i3c_target_driver_api_area
                0x0000000008003f0c        0x0
                0x0000000008003f0c                _i3c_target_driver_api_list_start = .
 *(SORT_BY_NAME(SORT_BY_ALIGNMENT(._i3c_target_driver_api.static.*)))
                0x0000000008003f0c                _i3c_target_driver_api_list_end = .

its_driver_api_area
                0x0000000008003f0c        0x0
                0x0000000008003f0c                _its_driver_api_list_start = .
 *(SORT_BY_NAME(SORT_BY_ALIGNMENT(._its_driver_api.static.*)))
                0x0000000008003f0c                _its_driver_api_list_end = .

vtd_driver_api_area
                0x0000000008003f0c        0x0
                0x0000000008003f0c                _vtd_driver_api_list_start = .
 *(SORT_BY_NAME(SORT_BY_ALIGNMENT(._vtd_driver_api.static.*)))
                0x0000000008003f0c                _vtd_driver_api_list_end = .

renesas_elc_driver_api_area
                0x0000000008003f0c        0x0
                0x0000000008003f0c                _renesas_elc_driver_api_list_start = .
 *(SORT_BY_NAME(SORT_BY_ALIGNMENT(._renesas_elc_driver_api.static.*)))
                0x0000000008003f0c                _renesas_elc_driver_api_list_end = .

tgpio_driver_api_area
                0x0000000008003f0c        0x0
                0x0000000008003f0c                _tgpio_driver_api_list_start = .
 *(SORT_BY_NAME(SORT_BY_ALIGNMENT(._tgpio_driver_api.static.*)))
                0x0000000008003f0c                _tgpio_driver_api_list_end = .

pcie_ctrl_driver_api_area
                0x0000000008003f0c        0x0
                0x0000000008003f0c                _pcie_ctrl_driver_api_list_start = .
 *(SORT_BY_NAME(SORT_BY_ALIGNMENT(._pcie_ctrl_driver_api.static.*)))
                0x0000000008003f0c                _pcie_ctrl_driver_api_list_end = .

pcie_ep_driver_api_area
                0x0000000008003f0c        0x0
                0x0000000008003f0c                _pcie_ep_driver_api_list_start = .
 *(SORT_BY_NAME(SORT_BY_ALIGNMENT(._pcie_ep_driver_api.static.*)))
                0x0000000008003f0c                _pcie_ep_driver_api_list_end = .

psi5_driver_api_area
                0x0000000008003f0c        0x0
                0x0000000008003f0c                _psi5_driver_api_list_start = .
 *(SORT_BY_NAME(SORT_BY_ALIGNMENT(._psi5_driver_api.static.*)))
                0x0000000008003f0c                _psi5_driver_api_list_end = .

sent_driver_api_area
                0x0000000008003f0c        0x0
                0x0000000008003f0c                _sent_driver_api_list_start = .
 *(SORT_BY_NAME(SORT_BY_ALIGNMENT(._sent_driver_api.static.*)))
                0x0000000008003f0c                _sent_driver_api_list_end = .

svc_driver_api_area
                0x0000000008003f0c        0x0
                0x0000000008003f0c                _svc_driver_api_list_start = .
 *(SORT_BY_NAME(SORT_BY_ALIGNMENT(._svc_driver_api.static.*)))
                0x0000000008003f0c                _svc_driver_api_list_end = .

uart_driver_api_area
                0x0000000008003f0c       0x14
                0x0000000008003f0c                _uart_driver_api_list_start = .
 *(SORT_BY_NAME(SORT_BY_ALIGNMENT(._uart_driver_api.static.*)))
 ._uart_driver_api.static.uart_stm32_driver_api_
                0x0000000008003f0c       0x14 zephyr/drivers/serial/libdrivers__serial.a(uart_stm32.c.obj)
                0x0000000008003f20                _uart_driver_api_list_end = .

bc12_emul_driver_api_area
                0x0000000008003f20        0x0
                0x0000000008003f20                _bc12_emul_driver_api_list_start = .
 *(SORT_BY_NAME(SORT_BY_ALIGNMENT(._bc12_emul_driver_api.static.*)))
                0x0000000008003f20                _bc12_emul_driver_api_list_end = .

bc12_driver_api_area
                0x0000000008003f20        0x0
                0x0000000008003f20                _bc12_driver_api_list_start = .
 *(SORT_BY_NAME(SORT_BY_ALIGNMENT(._bc12_driver_api.static.*)))
                0x0000000008003f20                _bc12_driver_api_list_end = .

usbc_ppc_driver_api_area
                0x0000000008003f20        0x0
                0x0000000008003f20                _usbc_ppc_driver_api_list_start = .
 *(SORT_BY_NAME(SORT_BY_ALIGNMENT(._usbc_ppc_driver_api.static.*)))
                0x0000000008003f20                _usbc_ppc_driver_api_list_end = .

tcpc_driver_api_area
                0x0000000008003f20        0x0
                0x0000000008003f20                _tcpc_driver_api_list_start = .
 *(SORT_BY_NAME(SORT_BY_ALIGNMENT(._tcpc_driver_api.static.*)))
                0x0000000008003f20                _tcpc_driver_api_list_end = .

usbc_vbus_driver_api_area
                0x0000000008003f20        0x0
                0x0000000008003f20                _usbc_vbus_driver_api_list_start = .
 *(SORT_BY_NAME(SORT_BY_ALIGNMENT(._usbc_vbus_driver_api.static.*)))
                0x0000000008003f20                _usbc_vbus_driver_api_list_end = .

ivshmem_driver_api_area
                0x0000000008003f20        0x0
                0x0000000008003f20                _ivshmem_driver_api_list_start = .
 *(SORT_BY_NAME(SORT_BY_ALIGNMENT(._ivshmem_driver_api.static.*)))
                0x0000000008003f20                _ivshmem_driver_api_list_end = .

ethphy_driver_api_area
                0x0000000008003f20        0x0
                0x0000000008003f20                _ethphy_driver_api_list_start = .
 *(SORT_BY_NAME(SORT_BY_ALIGNMENT(._ethphy_driver_api.static.*)))
                0x0000000008003f20                _ethphy_driver_api_list_end = .

virtio_driver_api_area
                0x0000000008003f20        0x0
                0x0000000008003f20                _virtio_driver_api_list_start = .
 *(SORT_BY_NAME(SORT_BY_ALIGNMENT(._virtio_driver_api.static.*)))
                0x0000000008003f20                _virtio_driver_api_list_end = .

ztest           0x0000000008003f20        0x0
                0x0000000008003f20                _ztest_expected_result_entry_list_start = .
 *(SORT_BY_NAME(SORT_BY_ALIGNMENT(._ztest_expected_result_entry.static.*)))
                0x0000000008003f20                _ztest_expected_result_entry_list_end = .
                0x0000000008003f20                _ztest_suite_node_list_start = .
 *(SORT_BY_NAME(SORT_BY_ALIGNMENT(._ztest_suite_node.static.*)))
                0x0000000008003f20                _ztest_suite_node_list_end = .
                0x0000000008003f20                _ztest_unit_test_list_start = .
 *(SORT_BY_NAME(SORT_BY_ALIGNMENT(._ztest_unit_test.static.*)))
                0x0000000008003f20                _ztest_unit_test_list_end = .
                0x0000000008003f20                _ztest_test_rule_list_start = .
 *(SORT_BY_NAME(SORT_BY_ALIGNMENT(._ztest_test_rule.static.*)))
                0x0000000008003f20                _ztest_test_rule_list_end = .

init_array      0x0000000008003f20        0x0
                0x0000000008003f20                __zephyr_init_array_start = .
 *(SORT_BY_INIT_PRIORITY(.init_array.*) SORT_BY_INIT_PRIORITY(.ctors.*))
 *(SORT_BY_ALIGNMENT(.init_array) SORT_BY_ALIGNMENT(.ctors))
                0x0000000008003f20                __zephyr_init_array_end = .
                0x0000000000000001                ASSERT ((__zephyr_init_array_start == __zephyr_init_array_end), GNU-style constructors required but STATIC_INIT_GNU not enabled)

bt_l2cap_fixed_chan_area
                0x0000000008003f20        0x0
                0x0000000008003f20                _bt_l2cap_fixed_chan_list_start = .
 *(SORT_BY_NAME(SORT_BY_ALIGNMENT(._bt_l2cap_fixed_chan.static.*)))
                0x0000000008003f20                _bt_l2cap_fixed_chan_list_end = .

bt_gatt_service_static_area
                0x0000000008003f20        0x0
                0x0000000008003f20                _bt_gatt_service_static_list_start = .
 *(SORT_BY_NAME(SORT_BY_ALIGNMENT(._bt_gatt_service_static.static.*)))
                0x0000000008003f20                _bt_gatt_service_static_list_end = .

log_strings_area
                0x0000000008003f20        0x0
                0x0000000008003f20                _log_strings_list_start = .
 *(SORT_BY_NAME(SORT_BY_ALIGNMENT(._log_strings.static.*)))
                0x0000000008003f20                _log_strings_list_end = .

log_stmesp_ptr_area
                0x0000000008003f20        0x0
                0x0000000008003f20                _log_stmesp_ptr_list_start = .
 *(SORT_BY_NAME(SORT_BY_ALIGNMENT(._log_stmesp_ptr.static.*)))
                0x0000000008003f20                _log_stmesp_ptr_list_end = .

log_stmesp_str_area
                0x0000000008003f20        0x0
                0x0000000008003f20                _log_stmesp_str_list_start = .
 *(SORT_BY_NAME(SORT_BY_ALIGNMENT(._log_stmesp_str.static.*)))
                0x0000000008003f20                _log_stmesp_str_list_end = .

log_const_area  0x0000000008003f20        0x0
                0x0000000008003f20                _log_const_list_start = .
 *(SORT_BY_NAME(SORT_BY_ALIGNMENT(._log_const.static.*)))
                0x0000000008003f20                _log_const_list_end = .

log_backend_area
                0x0000000008003f20        0x0
                0x0000000008003f20                _log_backend_list_start = .
 *(SORT_BY_NAME(SORT_BY_ALIGNMENT(._log_backend.static.*)))
                0x0000000008003f20                _log_backend_list_end = .

log_link_area   0x0000000008003f20        0x0
                0x0000000008003f20                _log_link_list_start = .
 *(SORT_BY_NAME(SORT_BY_ALIGNMENT(._log_link.static.*)))
                0x0000000008003f20                _log_link_list_end = .

tracing_backend_area
                0x0000000008003f20        0x0
                0x0000000008003f20                _tracing_backend_list_start = .
 *(SORT_BY_NAME(SORT_BY_ALIGNMENT(._tracing_backend.static.*)))
                0x0000000008003f20                _tracing_backend_list_end = .

zephyr_dbg_info
 *(SORT_BY_ALIGNMENT(.dbg_thread_info))

intc_table_area
                0x0000000008003f20        0x0
                0x0000000008003f20                _intc_table_list_start = .
 *(SORT_BY_NAME(SORT_BY_ALIGNMENT(._intc_table.static.*)))
                0x0000000008003f20                _intc_table_list_end = .

symbol_to_keep  0x0000000008003f20        0x0
                0x0000000008003f20                __symbol_to_keep_start = .
 *(SORT_BY_NAME(SORT_BY_ALIGNMENT(.symbol_to_keep*)))
                0x0000000008003f20                __symbol_to_keep_end = .

shell_area      0x0000000008003f20        0x0
                0x0000000008003f20                _shell_list_start = .
 *(SORT_BY_NAME(SORT_BY_ALIGNMENT(._shell.static.*)))
                0x0000000008003f20                _shell_list_end = .

shell_root_cmds_area
                0x0000000008003f20        0x0
                0x0000000008003f20                _shell_root_cmds_list_start = .
 *(SORT_BY_NAME(SORT_BY_ALIGNMENT(._shell_root_cmds.static.*)))
                0x0000000008003f20                _shell_root_cmds_list_end = .

shell_subcmds_area
                0x0000000008003f20        0x0
                0x0000000008003f20                _shell_subcmds_list_start = .
 *(SORT_BY_NAME(SORT_BY_ALIGNMENT(._shell_subcmds.static.*)))
                0x0000000008003f20                _shell_subcmds_list_end = .

shell_dynamic_subcmds_area
                0x0000000008003f20        0x0
                0x0000000008003f20                _shell_dynamic_subcmds_list_start = .
 *(SORT_BY_NAME(SORT_BY_ALIGNMENT(._shell_dynamic_subcmds.static.*)))
                0x0000000008003f20                _shell_dynamic_subcmds_list_end = .

cfb_font_area   0x0000000008003f20        0x0
                0x0000000008003f20                _cfb_font_list_start = .
 *(SORT_BY_NAME(SORT_BY_ALIGNMENT(._cfb_font.static.*)))
                0x0000000008003f20                _cfb_font_list_end = .

tdata           0x0000000008003f20        0x0
 *(SORT_BY_ALIGNMENT(.tdata) SORT_BY_ALIGNMENT(.tdata.*) SORT_BY_ALIGNMENT(.gnu.linkonce.td.*))

tbss            0x0000000008003f20        0x4
 *(SORT_BY_ALIGNMENT(.tbss) SORT_BY_ALIGNMENT(.tbss.*) SORT_BY_ALIGNMENT(.gnu.linkonce.tb.*) SORT_BY_ALIGNMENT(.tcommon))
 .tbss.z_tls_current
                0x0000000008003f20        0x4 zephyr/libzephyr.a(thread_entry.c.obj)
                0x0000000008003f20                z_tls_current
                0x0000000008003f20                PROVIDE (__tdata_start = LOADADDR (tdata))
                0x0000000000000001                PROVIDE (__tdata_align = ALIGNOF (tdata))
                0x0000000000000000                PROVIDE (__tdata_size = (((SIZEOF (tdata) + __tdata_align) - 0x1) & ~ ((__tdata_align - 0x1))))
                [!provide]                        PROVIDE (__tdata_end = (__tdata_start + __tdata_size))
                0x0000000000000004                PROVIDE (__tbss_align = ALIGNOF (tbss))
                [!provide]                        PROVIDE (__tbss_start = ADDR (tbss))
                0x0000000000000004                PROVIDE (__tbss_size = (((SIZEOF (tbss) + __tbss_align) - 0x1) & ~ ((__tbss_align - 0x1))))
                [!provide]                        PROVIDE (__tbss_end = (__tbss_start + __tbss_size))
                [!provide]                        PROVIDE (__tls_start = __tdata_start)
                [!provide]                        PROVIDE (__tls_end = __tbss_end)
                [!provide]                        PROVIDE (__tls_size = (__tbss_end - __tdata_start))

rodata          0x0000000008003f20      0x448
 *(SORT_BY_ALIGNMENT(.rodata))
 *(SORT_BY_ALIGNMENT(.rodata.*))
 .rodata.button
                0x0000000008003f20        0x8 app/libapp.a(main.c.obj)
 .rodata.mem_attr_region
                0x0000000008003f28        0x0 zephyr/libzephyr.a(mem_attr.c.obj)
 .rodata.static_regions
                0x0000000008003f28        0xc zephyr/arch/arch/arm/core/mpu/libarch__arm__core__mpu.a(arm_core_mpu.c.obj)
 .rodata.mpu_config
                0x0000000008003f34        0x8 zephyr/arch/arch/arm/core/mpu/libarch__arm__core__mpu.a(arm_mpu_regions.c.obj)
                0x0000000008003f34                mpu_config
 .rodata.mpu_regions
                0x0000000008003f3c       0x18 zephyr/arch/arch/arm/core/mpu/libarch__arm__core__mpu.a(arm_mpu_regions.c.obj)
 .rodata.gpio_stm32_cfg_g
                0x0000000008003f54       0x14 zephyr/drivers/gpio/libdrivers__gpio.a(gpio_stm32.c.obj)
 .rodata.gpio_stm32_cfg_f
                0x0000000008003f68       0x14 zephyr/drivers/gpio/libdrivers__gpio.a(gpio_stm32.c.obj)
 .rodata.gpio_stm32_cfg_e
                0x0000000008003f7c       0x14 zephyr/drivers/gpio/libdrivers__gpio.a(gpio_stm32.c.obj)
 .rodata.gpio_stm32_cfg_d
                0x0000000008003f90       0x14 zephyr/drivers/gpio/libdrivers__gpio.a(gpio_stm32.c.obj)
 .rodata.gpio_stm32_cfg_c
                0x0000000008003fa4       0x14 zephyr/drivers/gpio/libdrivers__gpio.a(gpio_stm32.c.obj)
 .rodata.gpio_stm32_cfg_b
                0x0000000008003fb8       0x14 zephyr/drivers/gpio/libdrivers__gpio.a(gpio_stm32.c.obj)
 .rodata.gpio_stm32_cfg_a
                0x0000000008003fcc       0x14 zephyr/drivers/gpio/libdrivers__gpio.a(gpio_stm32.c.obj)
 .rodata.gpio_ports
                0x0000000008003fe0       0x44 zephyr/drivers/pinctrl/libdrivers__pinctrl.a(pinctrl_stm32.c.obj)
 .rodata.reset_stm32_config
                0x0000000008004024        0x4 zephyr/drivers/reset/libdrivers__reset.a(reset_stm32.c.obj)
 .rodata.uart_stm32_cfg_1
                0x0000000008004028       0x24 zephyr/drivers/serial/libdrivers__serial.a(uart_stm32.c.obj)
 .rodata.pclken_1
                0x000000000800404c        0x8 zephyr/drivers/serial/libdrivers__serial.a(uart_stm32.c.obj)
 .rodata.__pinctrl_dev_config__device_dts_ord_77
                0x0000000008004054        0x8 zephyr/drivers/serial/libdrivers__serial.a(uart_stm32.c.obj)
 .rodata.__pinctrl_states__device_dts_ord_77
                0x000000000800405c        0x8 zephyr/drivers/serial/libdrivers__serial.a(uart_stm32.c.obj)
 .rodata.__pinctrl_state_pins_0__device_dts_ord_77
                0x0000000008004064       0x10 zephyr/drivers/serial/libdrivers__serial.a(uart_stm32.c.obj)
 .rodata.uart_stm32_cfg_0
                0x0000000008004074       0x24 zephyr/drivers/serial/libdrivers__serial.a(uart_stm32.c.obj)
 .rodata.pclken_0
                0x0000000008004098        0x8 zephyr/drivers/serial/libdrivers__serial.a(uart_stm32.c.obj)
 .rodata.__pinctrl_dev_config__device_dts_ord_80
                0x00000000080040a0        0x8 zephyr/drivers/serial/libdrivers__serial.a(uart_stm32.c.obj)
 .rodata.__pinctrl_states__device_dts_ord_80
                0x00000000080040a8        0x8 zephyr/drivers/serial/libdrivers__serial.a(uart_stm32.c.obj)
 .rodata.__pinctrl_state_pins_0__device_dts_ord_80
                0x00000000080040b0       0x10 zephyr/drivers/serial/libdrivers__serial.a(uart_stm32.c.obj)
 .rodata.levels.0
                0x00000000080040c0       0x18 zephyr/kernel/libkernel.a(init.c.obj)
 .rodata.LPUART_PRESCALER_TAB
                0x00000000080040d8       0x18 zephyr/drivers/serial/libdrivers__serial.a(uart_stm32.c.obj)
 .rodata.button_pressed.str1.1
                0x00000000080040f0       0x16 app/libapp.a(main.c.obj)
 .rodata.main.str1.1
                0x0000000008004106      0x133 app/libapp.a(main.c.obj)
 .rodata.str1.1
                0x0000000008004239        0xf zephyr/arch/arch/arm/core/mpu/libarch__arm__core__mpu.a(arm_mpu_regions.c.obj)
 .rodata.line_range_6.0
                0x0000000008004248        0x2 zephyr/drivers/interrupt_controller/libdrivers__interrupt_controller.a(intc_exti_stm32.c.obj)
 .rodata.line_range_5.1
                0x000000000800424a        0x2 zephyr/drivers/interrupt_controller/libdrivers__interrupt_controller.a(intc_exti_stm32.c.obj)
 .rodata.line_range_4.2
                0x000000000800424c        0x2 zephyr/drivers/interrupt_controller/libdrivers__interrupt_controller.a(intc_exti_stm32.c.obj)
 .rodata.line_range_3.3
                0x000000000800424e        0x2 zephyr/drivers/interrupt_controller/libdrivers__interrupt_controller.a(intc_exti_stm32.c.obj)
 .rodata.line_range_2.4
                0x0000000008004250        0x2 zephyr/drivers/interrupt_controller/libdrivers__interrupt_controller.a(intc_exti_stm32.c.obj)
 .rodata.line_range_1.5
                0x0000000008004252        0x2 zephyr/drivers/interrupt_controller/libdrivers__interrupt_controller.a(intc_exti_stm32.c.obj)
 .rodata.line_range_0.6
                0x0000000008004254        0x2 zephyr/drivers/interrupt_controller/libdrivers__interrupt_controller.a(intc_exti_stm32.c.obj)
 .rodata.str1.1
                0x0000000008004256       0x1e zephyr/drivers/interrupt_controller/libdrivers__interrupt_controller.a(intc_exti_stm32.c.obj)
 .rodata.str1.1
                0x0000000008004274        0xd zephyr/drivers/clock_control/libdrivers__clock_control.a(clock_stm32_ll_common.c.obj)
 .rodata.str1.1
                0x0000000008004281       0x62 zephyr/drivers/gpio/libdrivers__gpio.a(gpio_stm32.c.obj)
 .rodata.str1.1
                0x00000000080042e3       0x11 zephyr/drivers/reset/libdrivers__reset.a(reset_stm32.c.obj)
 .rodata.str1.1
                0x00000000080042f4       0x20 zephyr/drivers/serial/libdrivers__serial.a(uart_stm32.c.obj)
 .rodata.AHBPrescTable
                0x0000000008004314       0x10 modules/hal_stm32/stm32cube/lib..__modules__hal__stm32__stm32cube.a(system_stm32g4xx.c.obj)
                0x0000000008004314                AHBPrescTable
 .rodata.z_cstart.str1.1
                0x0000000008004324        0x5 zephyr/kernel/libkernel.a(init.c.obj)
 .rodata.boot_banner.str1.1
                0x0000000008004329       0x2e zephyr/kernel/libkernel.a(banner.c.obj)
 .rodata.__l_vfprintf.str1.1
                0x0000000008004357        0xf /home/raiton/zephyr-sdk-0.17.1/arm-zephyr-eabi/bin/../lib/gcc/../../picolibc/arm-zephyr-eabi/lib/thumb/v7e-m/nofp/libc.a(libc_tinystdio_vflprintf.c.o)
 *(SORT_BY_ALIGNMENT(.gnu.linkonce.r.*))
                0x0000000008004368                . = ALIGN (0x4)
 *fill*         0x0000000008004366        0x2 

/DISCARD/
 *(SORT_BY_ALIGNMENT(.eh_frame))
                0x0000000008004368                __rodata_region_end = .
                0x0000000008004380                . = ALIGN (_region_min_align)
                0x0000000008008000                . = ALIGN ((0x1 << LOG2CEIL ((__rodata_region_end - ADDR (rom_start)))))
                0x0000000008008000                __rom_region_end = ((__rom_region_start + .) - ADDR (rom_start))

/DISCARD/
 *(SORT_BY_ALIGNMENT(.got.plt))
 *(SORT_BY_ALIGNMENT(.igot.plt))
 *(SORT_BY_ALIGNMENT(.got))
 *(SORT_BY_ALIGNMENT(.igot))
                0x0000000020000000                . = 0x20000000
                0x0000000020000000                . = ALIGN (_region_min_align)
                0x0000000020000000                _image_ram_start = .

.ramfunc        0x0000000020000000        0x0 load address 0x0000000008004368
                0x0000000020000000                __ramfunc_region_start = .
                0x0000000020000000                . = ALIGN (_region_min_align)
                0x0000000020000000                . = ALIGN ((0x1 << LOG2CEIL (__ramfunc_size)))
                0x0000000020000000                __ramfunc_start = .
 *(SORT_BY_ALIGNMENT(.ramfunc))
 *(SORT_BY_ALIGNMENT(.ramfunc.*))
                0x0000000020000000                . = ALIGN (_region_min_align)
                0x0000000020000000                . = ALIGN ((0x1 << LOG2CEIL (__ramfunc_size)))
                0x0000000020000000                __ramfunc_end = .
                0x0000000000000000                __ramfunc_size = (__ramfunc_end - __ramfunc_start)
                0x0000000008004368                __ramfunc_load_start = LOADADDR (.ramfunc)

datas           0x0000000020000000       0x5c load address 0x0000000008004368
                0x0000000020000000                __data_region_start = .
                0x0000000020000000                __data_start = .
 *(SORT_BY_ALIGNMENT(.data))
 *(SORT_BY_ALIGNMENT(.data.*))
 .data.led      0x0000000020000000        0x8 app/libapp.a(main.c.obj)
 .data._char_out
                0x0000000020000008        0x4 zephyr/libzephyr.a(printk.c.obj)
 .data.__stdout
                0x000000002000000c       0x10 zephyr/lib/libc/picolibc/liblib__libc__picolibc.a(stdio.c.obj)
 .data.uart_stm32_data_1
                0x000000002000001c        0x8 zephyr/drivers/serial/libdrivers__serial.a(uart_stm32.c.obj)
 .data.uart_cfg_1
                0x0000000020000024        0x8 zephyr/drivers/serial/libdrivers__serial.a(uart_stm32.c.obj)
 .data.uart_stm32_data_0
                0x000000002000002c        0x8 zephyr/drivers/serial/libdrivers__serial.a(uart_stm32.c.obj)
 .data.uart_cfg_0
                0x0000000020000034        0x8 zephyr/drivers/serial/libdrivers__serial.a(uart_stm32.c.obj)
 .data.SystemCoreClock
                0x000000002000003c        0x4 modules/hal_stm32/stm32cube/lib..__modules__hal__stm32__stm32cube.a(system_stm32g4xx.c.obj)
                0x000000002000003c                SystemCoreClock
 .data.slice_ticks
                0x0000000020000040        0x4 zephyr/kernel/libkernel.a(timeslicing.c.obj)
 .data.timeout_list
                0x0000000020000044        0x8 zephyr/kernel/libkernel.a(timeout.c.obj)
 .data.exti_irq_table
                0x000000002000004c       0x10 zephyr/drivers/interrupt_controller/libdrivers__interrupt_controller.a(intc_exti_stm32.c.obj)
 *(SORT_BY_ALIGNMENT(.kernel.*))
                0x000000002000005c                __data_end = .
                0x000000000000005c                __data_size = (__data_end - __data_start)
                0x0000000008004368                __data_load_start = LOADADDR (datas)
                0x0000000008004368                __data_region_load_start = LOADADDR (datas)

device_states   0x000000002000005c       0x18 load address 0x00000000080043c4
                0x000000002000005c                . = ALIGN (0x4)
                0x000000002000005c                __device_states_start = .
 *(SORT_BY_ALIGNMENT(.z_devstate))
 .z_devstate    0x000000002000005c        0x2 zephyr/drivers/interrupt_controller/libdrivers__interrupt_controller.a(intc_exti_stm32.c.obj)
 .z_devstate    0x000000002000005e        0x2 zephyr/drivers/clock_control/libdrivers__clock_control.a(clock_stm32_ll_common.c.obj)
 .z_devstate    0x0000000020000060        0xe zephyr/drivers/gpio/libdrivers__gpio.a(gpio_stm32.c.obj)
 .z_devstate    0x000000002000006e        0x2 zephyr/drivers/reset/libdrivers__reset.a(reset_stm32.c.obj)
 .z_devstate    0x0000000020000070        0x4 zephyr/drivers/serial/libdrivers__serial.a(uart_stm32.c.obj)
 *(SORT_BY_ALIGNMENT(.z_devstate.*))
                0x0000000020000074                __device_states_end = .
                0x0000000020000074                . = ALIGN (0x4)

log_mpsc_pbuf_area
                0x0000000020000074        0x0 load address 0x00000000080043dc
                0x0000000020000074                _log_mpsc_pbuf_list_start = .
 *(SORT_BY_NAME(SORT_BY_ALIGNMENT(._log_mpsc_pbuf.static.*)))
                0x0000000020000074                _log_mpsc_pbuf_list_end = .

log_msg_ptr_area
                0x0000000020000074        0x0 load address 0x00000000080043dc
                0x0000000020000074                _log_msg_ptr_list_start = .
 *(SORT_BY_NAME(SORT_BY_ALIGNMENT(._log_msg_ptr.static.*)))
                0x0000000020000074                _log_msg_ptr_list_end = .

log_dynamic_area
                0x0000000020000074        0x0 load address 0x00000000080043dc
                0x0000000020000074                _log_dynamic_list_start = .
 *(SORT_BY_NAME(SORT_BY_ALIGNMENT(._log_dynamic.static.*)))
                0x0000000020000074                _log_dynamic_list_end = .

k_timer_area    0x0000000020000074        0x0 load address 0x00000000080043dc
                0x0000000020000074                _k_timer_list_start = .
 *(SORT_BY_NAME(SORT_BY_ALIGNMENT(._k_timer.static.*)))
                0x0000000020000074                _k_timer_list_end = .

k_mem_slab_area
                0x0000000020000074        0x0 load address 0x00000000080043dc
                0x0000000020000074                _k_mem_slab_list_start = .
 *(SORT_BY_NAME(SORT_BY_ALIGNMENT(._k_mem_slab.static.*)))
                0x0000000020000074                _k_mem_slab_list_end = .

k_heap_area     0x0000000020000074        0x0 load address 0x00000000080043dc
                0x0000000020000074                _k_heap_list_start = .
 *(SORT_BY_NAME(SORT_BY_ALIGNMENT(._k_heap.static.*)))
                0x0000000020000074                _k_heap_list_end = .

k_mutex_area    0x0000000020000074        0x0 load address 0x00000000080043dc
                0x0000000020000074                _k_mutex_list_start = .
 *(SORT_BY_NAME(SORT_BY_ALIGNMENT(._k_mutex.static.*)))
                0x0000000020000074                _k_mutex_list_end = .

k_stack_area    0x0000000020000074        0x0 load address 0x00000000080043dc